#-----------------------------------------------------------
# Vivado v2021.1 (64-bit)
# SW Build 3247384 on Thu Jun 10 19:36:33 MDT 2021
# IP Build 3246043 on Fri Jun 11 00:30:35 MDT 2021
# Start of session at: Sat Dec  3 00:01:59 2022
# Process ID: 23996
# Current directory: E:/FPGAProject/01102022/FPGAResearch/5_Final_Submission/Simulink/IP_Core_Based/TN_32bit/STN_32bit/vivado/sysgen_STN/sysgen_STN.runs/stn_32bit_0_synth_1
# Command line: vivado.exe -log stn_32bit_0.vds -product Vivado -mode batch -messageDb vivado.pb -notrace -source stn_32bit_0.tcl
# Log file: E:/FPGAProject/01102022/FPGAResearch/5_Final_Submission/Simulink/IP_Core_Based/TN_32bit/STN_32bit/vivado/sysgen_STN/sysgen_STN.runs/stn_32bit_0_synth_1/stn_32bit_0.vds
# Journal file: E:/FPGAProject/01102022/FPGAResearch/5_Final_Submission/Simulink/IP_Core_Based/TN_32bit/STN_32bit/vivado/sysgen_STN/sysgen_STN.runs/stn_32bit_0_synth_1\vivado.jou
#-----------------------------------------------------------
source stn_32bit_0.tcl -notrace
