#-----------------------------------------------------------
# Vivado v2021.1 (64-bit)
# SW Build 3247384 on Thu Jun 10 19:36:33 MDT 2021
# IP Build 3246043 on Fri Jun 11 00:30:35 MDT 2021
# Start of session at: Sat Dec 10 02:14:53 2022
# Process ID: 72988
# Current directory: E:/FPGAProject/01102022/FPGAResearch/5_Final_Submission/Vivado_Desgin/SumofTwoNeuron_8bit/sumofTwoNeuron_8bit/sumofTwoNeuron_8bit.runs/synth_1
# Command line: vivado.exe -log sumofTwoNeuron_8bit.vds -product Vivado -mode batch -messageDb vivado.pb -notrace -source sumofTwoNeuron_8bit.tcl
# Log file: E:/FPGAProject/01102022/FPGAResearch/5_Final_Submission/Vivado_Desgin/SumofTwoNeuron_8bit/sumofTwoNeuron_8bit/sumofTwoNeuron_8bit.runs/synth_1/sumofTwoNeuron_8bit.vds
# Journal file: E:/FPGAProject/01102022/FPGAResearch/5_Final_Submission/Vivado_Desgin/SumofTwoNeuron_8bit/sumofTwoNeuron_8bit/sumofTwoNeuron_8bit.runs/synth_1\vivado.jou
#-----------------------------------------------------------
source sumofTwoNeuron_8bit.tcl -notrace
