#-----------------------------------------------------------
# Vivado v2021.1 (64-bit)
# SW Build 3247384 on Thu Jun 10 19:36:33 MDT 2021
# IP Build 3246043 on Fri Jun 11 00:30:35 MDT 2021
# Start of session at: Wed Dec 14 16:14:44 2022
# Process ID: 91824
# Current directory: E:/FPGAProject/01102022/FPGAResearch/6_FinalExam/Vivado/SumofTwoNeuron_64bit/vivado/sysgen_STN
# Command line: vivado.exe -gui_launcher_event rodinguilauncherevent97268 E:\FPGAProject\01102022\FPGAResearch\6_FinalExam\Vivado\SumofTwoNeuron_64bit\vivado\sysgen_STN\sysgen_STN.xpr
# Log file: E:/FPGAProject/01102022/FPGAResearch/6_FinalExam/Vivado/SumofTwoNeuron_64bit/vivado/sysgen_STN/vivado.log
# Journal file: E:/FPGAProject/01102022/FPGAResearch/6_FinalExam/Vivado/SumofTwoNeuron_64bit/vivado/sysgen_STN\vivado.jou
#-----------------------------------------------------------
start_gui
open_project E:/FPGAProject/01102022/FPGAResearch/6_FinalExam/Vivado/SumofTwoNeuron_64bit/vivado/sysgen_STN/sysgen_STN.xpr
update_compile_order -fileset sources_1
