#-----------------------------------------------------------
# Vivado v2021.1 (64-bit)
# SW Build 3247384 on Thu Jun 10 19:36:33 MDT 2021
# IP Build 3246043 on Fri Jun 11 00:30:35 MDT 2021
# Start of session at: Sat Dec 10 14:56:43 2022
# Process ID: 70144
# Current directory: E:/FPGAProject/01102022/FPGAResearch/5_Final_Submission/Vivado_Desgin/SumofTwoNeuron_32bit/sumofTwoNeuron_32bit
# Command line: vivado.exe -gui_launcher_event rodinguilauncherevent48088 E:\FPGAProject\01102022\FPGAResearch\5_Final_Submission\Vivado_Desgin\SumofTwoNeuron_32bit\sumofTwoNeuron_32bit\sumofTwoNeuron_32bit.xpr
# Log file: E:/FPGAProject/01102022/FPGAResearch/5_Final_Submission/Vivado_Desgin/SumofTwoNeuron_32bit/sumofTwoNeuron_32bit/vivado.log
# Journal file: E:/FPGAProject/01102022/FPGAResearch/5_Final_Submission/Vivado_Desgin/SumofTwoNeuron_32bit/sumofTwoNeuron_32bit\vivado.jou
#-----------------------------------------------------------
start_gui
open_project E:/FPGAProject/01102022/FPGAResearch/5_Final_Submission/Vivado_Desgin/SumofTwoNeuron_32bit/sumofTwoNeuron_32bit/sumofTwoNeuron_32bit.xpr
update_compile_order -fileset sources_1
copy_run -name impl_1_copy_1 [get_runs impl_1] -parent_run synth_1
set_property strategy Flow_RuntimeOptimized [get_runs impl_1]
reset_run impl_1
launch_runs impl_1 -jobs 8
wait_on_run impl_1
open_run impl_1
copy_run -name impl_1_copy_2 [get_runs impl_1] -parent_run synth_1
set_property strategy Performance_NetDelay_high [get_runs impl_1]
reset_run impl_1
launch_runs impl_1 -jobs 8
wait_on_run impl_1
refresh_design
copy_run -name impl_1_copy_3 [get_runs impl_1] -parent_run synth_1
set_property strategy Area_Explore [get_runs impl_1]
reset_run impl_1
launch_runs impl_1 -jobs 8
wait_on_run impl_1
refresh_design
copy_run -name impl_1_copy_4 [get_runs impl_1] -parent_run synth_1
set_property strategy Flow_RuntimeOptimized [get_runs impl_1]
reset_run impl_1
launch_runs impl_1 -jobs 8
wait_on_run impl_1
refresh_design
copy_run -name impl_1_copy_5 [get_runs impl_1] -parent_run synth_1
set_property strategy Flow_Quick [get_runs impl_1]
reset_run impl_1
launch_runs impl_1 -jobs 8
wait_on_run impl_1
refresh_design
copy_run -name impl_1_copy_6 [get_runs impl_1] -parent_run synth_1
set_property strategy Flow_RunPostRoutePhysOpt [get_runs impl_1]
reset_run impl_1
launch_runs impl_1 -jobs 8
wait_on_run impl_1
refresh_design
copy_run -name impl_1_copy_7 [get_runs impl_1] -parent_run synth_1
set_property strategy Area_ExploreWithRemap [get_runs impl_1]
reset_run impl_1
launch_runs impl_1 -jobs 8
wait_on_run impl_1
refresh_design
copy_run -name impl_1_copy_8 [get_runs impl_1] -parent_run synth_1
set_property strategy Congestion_SpreadLogic_high [get_runs impl_1]
reset_run impl_1
launch_runs impl_1 -jobs 8
wait_on_run impl_1
refresh_design
copy_run -name impl_1_copy_9 [get_runs impl_1] -parent_run synth_1
set_property strategy Congestion_SpreadLogic_low [get_runs impl_1]
reset_run impl_1
launch_runs impl_1 -jobs 8
wait_on_run impl_1
refresh_design
copy_run -name impl_1_copy_10 [get_runs impl_1] -parent_run synth_1
set_property strategy Performance_Explore [get_runs impl_1]
reset_run impl_1
launch_runs impl_1 -jobs 8
wait_on_run impl_1
refresh_design
