#-----------------------------------------------------------
# Vivado v2021.1 (64-bit)
# SW Build 3247384 on Thu Jun 10 19:36:33 MDT 2021
# IP Build 3246043 on Fri Jun 11 00:30:35 MDT 2021
# Start of session at: Fri Dec  9 23:10:12 2022
# Process ID: 67044
# Current directory: E:/FPGAProject/01102022/FPGAResearch/5_Final_Submission/Simulink/BRAM_LT_Based/BRAM8bit/vivado/sysgen_STN
# Command line: vivado.exe -gui_launcher_event rodinguilauncherevent16040 E:\FPGAProject\01102022\FPGAResearch\5_Final_Submission\Simulink\BRAM_LT_Based\BRAM8bit\vivado\sysgen_STN\sysgen_STN.xpr
# Log file: E:/FPGAProject/01102022/FPGAResearch/5_Final_Submission/Simulink/BRAM_LT_Based/BRAM8bit/vivado/sysgen_STN/vivado.log
# Journal file: E:/FPGAProject/01102022/FPGAResearch/5_Final_Submission/Simulink/BRAM_LT_Based/BRAM8bit/vivado/sysgen_STN\vivado.jou
#-----------------------------------------------------------
start_gui
open_project E:/FPGAProject/01102022/FPGAResearch/5_Final_Submission/Simulink/BRAM_LT_Based/BRAM8bit/vivado/sysgen_STN/sysgen_STN.xpr
update_compile_order -fileset sources_1
launch_runs synth_1 -jobs 8
wait_on_run synth_1
launch_runs impl_1 -jobs 8
wait_on_run impl_1
open_run impl_1
open_run synth_1 -name synth_1
current_design impl_1
save_constraints
reset_run synth_1
reset_run impl_1
launch_runs impl_1 -jobs 8
wait_on_run impl_1
refresh_design
current_design synth_1
refresh_design
reset_run impl_1
launch_runs impl_1 -jobs 8
wait_on_run impl_1
current_design impl_1
refresh_design
save_constraints
reset_run synth_1
reset_run impl_1
launch_runs impl_1 -jobs 8
wait_on_run impl_1
refresh_design
current_design synth_1
refresh_design
save_constraints
reset_run synth_1
reset_run impl_1
launch_runs impl_1 -jobs 8
wait_on_run impl_1
current_design impl_1
refresh_design
reset_timing
reset_timing
current_design synth_1
refresh_design
reset_timing
reset_run synth_1
current_design impl_1
save_constraints -force
launch_runs impl_1 -jobs 8
wait_on_run impl_1
refresh_design
current_design synth_1
refresh_design
reset_timing
reset_run synth_1
launch_runs impl_1 -jobs 8
wait_on_run impl_1
current_design impl_1
refresh_design
