Copyright 1986-2021 Xilinx, Inc. All Rights Reserved.
--------------------------------------------------------------------------------------------------------------------------------------------------------------------
| Tool Version : Vivado v.2021.1 (win64) Build 3247384 Thu Jun 10 19:36:33 MDT 2021
| Date         : Sat Dec 10 03:08:44 2022
| Host         : DESKTOP-1FT5C23 running 64-bit major release  (build 9200)
| Command      : report_methodology -file sysgen_STN_methodology_drc_routed.rpt -pb sysgen_STN_methodology_drc_routed.pb -rpx sysgen_STN_methodology_drc_routed.rpx
| Design       : sysgen_STN
| Device       : xc7z020clg484-1
| Speed File   : -1
| Design State : Fully Routed
--------------------------------------------------------------------------------------------------------------------------------------------------------------------

Report Methodology

Table of Contents
-----------------
1. REPORT SUMMARY
2. REPORT DETAILS

1. REPORT SUMMARY
-----------------
            Netlist: netlist
          Floorplan: design_1
      Design limits: <entire design considered>
             Max violations: <unlimited>
             Violations found: 166
+-----------+----------+-------------------------------+------------+
| Rule      | Severity | Description                   | Violations |
+-----------+----------+-------------------------------+------------+
| TIMING-16 | Warning  | Large setup violation         | 118        |
| TIMING-18 | Warning  | Missing input or output delay | 48         |
+-----------+----------+-------------------------------+------------+

2. REPORT DETAILS
-----------------
TIMING-16#1 Warning
Large setup violation  
There is a large setup violation of -1.004 ns between your_instance_name/U0/stn_16bit_struct/subsystem/subsystem1/cordic_6_0/stn_16bit_cordic_v6_0_i0_instance/U0/i_synth/i_synth/gen_cordic.output_stage/gen_rotation.gen_rotate.gen_data_x_addsub/m_axis_dout_tdata[31]_INST_0_psdsp/C (clocked by CLK) and your_instance_name/U0/stn_16bit_struct/subsystem/mult4/comp0.core_instance0/U0/i_mult/gDSP.gDSP_only.iDSP/inferred_dsp.use_p_reg.p_reg_reg/A[20] (clocked by CLK). Large setup violations at the end of those stages might be difficult to fix during the post-placement implementation flow and could be the result of non-optimal XDC constraints or non-optimal design architecture
Related violations: <none>

TIMING-16#2 Warning
Large setup violation  
There is a large setup violation of -1.004 ns between your_instance_name/U0/stn_16bit_struct/subsystem/subsystem1/cordic_6_0/stn_16bit_cordic_v6_0_i0_instance/U0/i_synth/i_synth/gen_cordic.output_stage/gen_rotation.gen_rotate.gen_data_x_addsub/m_axis_dout_tdata[31]_INST_0_psdsp/C (clocked by CLK) and your_instance_name/U0/stn_16bit_struct/subsystem/mult4/comp0.core_instance0/U0/i_mult/gDSP.gDSP_only.iDSP/inferred_dsp.use_p_reg.p_reg_reg/A[21] (clocked by CLK). Large setup violations at the end of those stages might be difficult to fix during the post-placement implementation flow and could be the result of non-optimal XDC constraints or non-optimal design architecture
Related violations: <none>

TIMING-16#3 Warning
Large setup violation  
There is a large setup violation of -1.004 ns between your_instance_name/U0/stn_16bit_struct/subsystem/subsystem1/cordic_6_0/stn_16bit_cordic_v6_0_i0_instance/U0/i_synth/i_synth/gen_cordic.output_stage/gen_rotation.gen_rotate.gen_data_x_addsub/m_axis_dout_tdata[31]_INST_0_psdsp/C (clocked by CLK) and your_instance_name/U0/stn_16bit_struct/subsystem/mult4/comp0.core_instance0/U0/i_mult/gDSP.gDSP_only.iDSP/inferred_dsp.use_p_reg.p_reg_reg/A[22] (clocked by CLK). Large setup violations at the end of those stages might be difficult to fix during the post-placement implementation flow and could be the result of non-optimal XDC constraints or non-optimal design architecture
Related violations: <none>

TIMING-16#4 Warning
Large setup violation  
There is a large setup violation of -1.004 ns between your_instance_name/U0/stn_16bit_struct/subsystem/subsystem1/cordic_6_0/stn_16bit_cordic_v6_0_i0_instance/U0/i_synth/i_synth/gen_cordic.output_stage/gen_rotation.gen_rotate.gen_data_x_addsub/m_axis_dout_tdata[31]_INST_0_psdsp/C (clocked by CLK) and your_instance_name/U0/stn_16bit_struct/subsystem/mult4/comp0.core_instance0/U0/i_mult/gDSP.gDSP_only.iDSP/inferred_dsp.use_p_reg.p_reg_reg/A[23] (clocked by CLK). Large setup violations at the end of those stages might be difficult to fix during the post-placement implementation flow and could be the result of non-optimal XDC constraints or non-optimal design architecture
Related violations: <none>

TIMING-16#5 Warning
Large setup violation  
There is a large setup violation of -1.005 ns between your_instance_name/U0/stn_16bit_struct/subsystem/subsystem1/cordic_6_0/stn_16bit_cordic_v6_0_i0_instance/U0/i_synth/i_synth/gen_cordic.output_stage/gen_rotation.gen_rotate.gen_data_x_addsub/m_axis_dout_tdata[31]_INST_0_psdsp/C (clocked by CLK) and your_instance_name/U0/stn_16bit_struct/subsystem/mult4/comp0.core_instance0/U0/i_mult/gDSP.gDSP_only.iDSP/inferred_dsp.use_p_reg.p_reg_reg/A[15] (clocked by CLK). Large setup violations at the end of those stages might be difficult to fix during the post-placement implementation flow and could be the result of non-optimal XDC constraints or non-optimal design architecture
Related violations: <none>

TIMING-16#6 Warning
Large setup violation  
There is a large setup violation of -1.006 ns between your_instance_name/U0/stn_16bit_struct/subsystem/addsub3/comp0.core_instance0/U0/xst_addsub/i_baseblox.i_baseblox_addsub/no_pipelining.the_addsub/i_lut6.i_lut6_addsub/i_q.i_simple.qreg/i_no_async_controls.output_reg[4]/C (clocked by CLK) and your_instance_name/U0/stn_16bit_struct/subsystem/subsystem1/addsub2/comp1.core_instance1/U0/xst_addsub/i_baseblox.i_baseblox_addsub/no_pipelining.the_addsub/i_lut6.i_lut6_addsub/i_q.i_simple.qreg/i_no_async_controls.output_reg[10]/D (clocked by CLK). Large setup violations at the end of those stages might be difficult to fix during the post-placement implementation flow and could be the result of non-optimal XDC constraints or non-optimal design architecture
Related violations: <none>

TIMING-16#7 Warning
Large setup violation  
There is a large setup violation of -1.012 ns between your_instance_name/U0/stn_16bit_struct/subsystem/subsystem1/cordic_6_0/stn_16bit_cordic_v6_0_i0_instance/U0/i_synth/i_synth/gen_cordic.output_stage/gen_rotation.gen_rotate.gen_data_x_addsub/m_axis_dout_tdata[16]_INST_0_psdsp/C (clocked by CLK) and your_instance_name/U0/stn_16bit_struct/subsystem/mult4/comp0.core_instance0/U0/i_mult/gDSP.gDSP_only.iDSP/inferred_dsp.use_p_reg.p_reg_reg/A[0] (clocked by CLK). Large setup violations at the end of those stages might be difficult to fix during the post-placement implementation flow and could be the result of non-optimal XDC constraints or non-optimal design architecture
Related violations: <none>

TIMING-16#8 Warning
Large setup violation  
There is a large setup violation of -1.015 ns between your_instance_name/U0/stn_16bit_struct/subsystem/mult2/comp0.core_instance0/U0/i_mult/gDSP.gDSP_only.iDSP/inferred_dsp.use_p_reg.p_reg_reg/CLK (clocked by CLK) and your_instance_name/U0/stn_16bit_struct/subsystem/addsub6/comp0.core_instance0/U0/xst_addsub/i_baseblox.i_baseblox_addsub/no_pipelining.the_addsub/i_lut6.i_lut6_addsub/i_q.i_simple.qreg/i_no_async_controls.output_reg[15]/D (clocked by CLK). Large setup violations at the end of those stages might be difficult to fix during the post-placement implementation flow and could be the result of non-optimal XDC constraints or non-optimal design architecture
Related violations: <none>

TIMING-16#9 Warning
Large setup violation  
There is a large setup violation of -1.019 ns between your_instance_name/U0/stn_16bit_struct/subsystem/mult3/comp0.core_instance0/U0/i_mult/gDSP.gDSP_only.iDSP/inferred_dsp.use_p_reg.p_reg_reg/CLK (clocked by CLK) and your_instance_name/U0/stn_16bit_struct/subsystem/addsub7/comp0.core_instance0/U0/xst_addsub/i_baseblox.i_baseblox_addsub/no_pipelining.the_addsub/i_lut6.i_lut6_addsub/i_q.i_simple.qreg/i_no_async_controls.output_reg[14]/D (clocked by CLK). Large setup violations at the end of those stages might be difficult to fix during the post-placement implementation flow and could be the result of non-optimal XDC constraints or non-optimal design architecture
Related violations: <none>

TIMING-16#10 Warning
Large setup violation  
There is a large setup violation of -1.019 ns between your_instance_name/U0/stn_16bit_struct/subsystem/subsystem1/cordic_6_0/stn_16bit_cordic_v6_0_i0_instance/U0/i_synth/i_synth/gen_cordic.output_stage/gen_rotation.gen_rotate.gen_data_x_addsub/m_axis_dout_tdata[18]_INST_0_psdsp/C (clocked by CLK) and your_instance_name/U0/stn_16bit_struct/subsystem/mult4/comp0.core_instance0/U0/i_mult/gDSP.gDSP_only.iDSP/inferred_dsp.use_p_reg.p_reg_reg/A[2] (clocked by CLK). Large setup violations at the end of those stages might be difficult to fix during the post-placement implementation flow and could be the result of non-optimal XDC constraints or non-optimal design architecture
Related violations: <none>

TIMING-16#11 Warning
Large setup violation  
There is a large setup violation of -1.020 ns between your_instance_name/U0/stn_16bit_struct/subsystem/addsub3/comp0.core_instance0/U0/xst_addsub/i_baseblox.i_baseblox_addsub/no_pipelining.the_addsub/i_lut6.i_lut6_addsub/i_q.i_simple.qreg/i_no_async_controls.output_reg[4]/C (clocked by CLK) and your_instance_name/U0/stn_16bit_struct/subsystem/subsystem1/addsub2/comp1.core_instance1/U0/xst_addsub/i_baseblox.i_baseblox_addsub/no_pipelining.the_addsub/i_lut6.i_lut6_addsub/i_q.i_simple.qreg/i_no_async_controls.output_reg[13]/D (clocked by CLK). Large setup violations at the end of those stages might be difficult to fix during the post-placement implementation flow and could be the result of non-optimal XDC constraints or non-optimal design architecture
Related violations: <none>

TIMING-16#12 Warning
Large setup violation  
There is a large setup violation of -1.022 ns between your_instance_name/U0/stn_16bit_struct/subsystem/subsystem/cordic_6_0/stn_16bit_cordic_v6_0_i0_instance/U0/i_synth/i_synth/gen_cordic.output_stage/gen_rotation.gen_rotate.gen_data_y_addsub/m_axis_dout_tdata[8]_INST_0_psdsp/C (clocked by CLK) and your_instance_name/U0/stn_16bit_struct/subsystem/mult3/comp0.core_instance0/U0/i_mult/gDSP.gDSP_only.iDSP/inferred_dsp.use_p_reg.p_reg_reg/B[8] (clocked by CLK). Large setup violations at the end of those stages might be difficult to fix during the post-placement implementation flow and could be the result of non-optimal XDC constraints or non-optimal design architecture
Related violations: <none>

TIMING-16#13 Warning
Large setup violation  
There is a large setup violation of -1.026 ns between your_instance_name/U0/stn_16bit_struct/subsystem/subsystem/cordic_6_0/stn_16bit_cordic_v6_0_i0_instance/U0/i_synth/i_synth/gen_cordic.output_stage/gen_rotation.gen_rotate.gen_data_y_addsub/m_axis_dout_tdata[5]_INST_0_psdsp/C (clocked by CLK) and your_instance_name/U0/stn_16bit_struct/subsystem/mult3/comp0.core_instance0/U0/i_mult/gDSP.gDSP_only.iDSP/inferred_dsp.use_p_reg.p_reg_reg/B[5] (clocked by CLK). Large setup violations at the end of those stages might be difficult to fix during the post-placement implementation flow and could be the result of non-optimal XDC constraints or non-optimal design architecture
Related violations: <none>

TIMING-16#14 Warning
Large setup violation  
There is a large setup violation of -1.032 ns between your_instance_name/U0/stn_16bit_struct/subsystem/subsystem1/cordic_6_0/stn_16bit_cordic_v6_0_i0_instance/U0/i_synth/i_synth/gen_cordic.output_stage/gen_rotation.gen_rotate.gen_data_x_addsub/m_axis_dout_tdata[31]_INST_0_psdsp/C (clocked by CLK) and your_instance_name/U0/stn_16bit_struct/subsystem/mult4/comp0.core_instance0/U0/i_mult/gDSP.gDSP_only.iDSP/inferred_dsp.use_p_reg.p_reg_reg/A[24] (clocked by CLK). Large setup violations at the end of those stages might be difficult to fix during the post-placement implementation flow and could be the result of non-optimal XDC constraints or non-optimal design architecture
Related violations: <none>

TIMING-16#15 Warning
Large setup violation  
There is a large setup violation of -1.032 ns between your_instance_name/U0/stn_16bit_struct/subsystem/subsystem1/cordic_6_0/stn_16bit_cordic_v6_0_i0_instance/U0/i_synth/i_synth/gen_cordic.output_stage/gen_rotation.gen_rotate.gen_data_x_addsub/m_axis_dout_tdata[31]_INST_0_psdsp/C (clocked by CLK) and your_instance_name/U0/stn_16bit_struct/subsystem/mult4/comp0.core_instance0/U0/i_mult/gDSP.gDSP_only.iDSP/inferred_dsp.use_p_reg.p_reg_reg/A[25] (clocked by CLK). Large setup violations at the end of those stages might be difficult to fix during the post-placement implementation flow and could be the result of non-optimal XDC constraints or non-optimal design architecture
Related violations: <none>

TIMING-16#16 Warning
Large setup violation  
There is a large setup violation of -1.032 ns between your_instance_name/U0/stn_16bit_struct/subsystem/subsystem1/cordic_6_0/stn_16bit_cordic_v6_0_i0_instance/U0/i_synth/i_synth/gen_cordic.output_stage/gen_rotation.gen_rotate.gen_data_x_addsub/m_axis_dout_tdata[31]_INST_0_psdsp/C (clocked by CLK) and your_instance_name/U0/stn_16bit_struct/subsystem/mult4/comp0.core_instance0/U0/i_mult/gDSP.gDSP_only.iDSP/inferred_dsp.use_p_reg.p_reg_reg/A[26] (clocked by CLK). Large setup violations at the end of those stages might be difficult to fix during the post-placement implementation flow and could be the result of non-optimal XDC constraints or non-optimal design architecture
Related violations: <none>

TIMING-16#17 Warning
Large setup violation  
There is a large setup violation of -1.032 ns between your_instance_name/U0/stn_16bit_struct/subsystem/subsystem1/cordic_6_0/stn_16bit_cordic_v6_0_i0_instance/U0/i_synth/i_synth/gen_cordic.output_stage/gen_rotation.gen_rotate.gen_data_x_addsub/m_axis_dout_tdata[31]_INST_0_psdsp/C (clocked by CLK) and your_instance_name/U0/stn_16bit_struct/subsystem/mult4/comp0.core_instance0/U0/i_mult/gDSP.gDSP_only.iDSP/inferred_dsp.use_p_reg.p_reg_reg/A[27] (clocked by CLK). Large setup violations at the end of those stages might be difficult to fix during the post-placement implementation flow and could be the result of non-optimal XDC constraints or non-optimal design architecture
Related violations: <none>

TIMING-16#18 Warning
Large setup violation  
There is a large setup violation of -1.050 ns between your_instance_name/U0/stn_16bit_struct/subsystem/subsystem/cordic_6_0/stn_16bit_cordic_v6_0_i0_instance/U0/i_synth/i_synth/gen_cordic.output_stage/gen_rotation.gen_rotate.gen_data_x_addsub/m_axis_dout_tdata[21]_INST_0_psdsp/C (clocked by CLK) and your_instance_name/U0/stn_16bit_struct/subsystem/mult2/comp0.core_instance0/U0/i_mult/gDSP.gDSP_only.iDSP/inferred_dsp.use_p_reg.p_reg_reg/B[5] (clocked by CLK). Large setup violations at the end of those stages might be difficult to fix during the post-placement implementation flow and could be the result of non-optimal XDC constraints or non-optimal design architecture
Related violations: <none>

TIMING-16#19 Warning
Large setup violation  
There is a large setup violation of -1.052 ns between your_instance_name/U0/stn_16bit_struct/subsystem/subsystem1/cordic_6_0/stn_16bit_cordic_v6_0_i0_instance/U0/i_synth/i_synth/gen_cordic.output_stage/gen_rotation.gen_rotate.gen_data_y_addsub/m_axis_dout_tdata[10]_INST_0_psdsp/C (clocked by CLK) and your_instance_name/U0/stn_16bit_struct/subsystem/mult5/comp0.core_instance0/U0/i_mult/gDSP.gDSP_only.iDSP/inferred_dsp.use_p_reg.p_reg_reg/A[10] (clocked by CLK). Large setup violations at the end of those stages might be difficult to fix during the post-placement implementation flow and could be the result of non-optimal XDC constraints or non-optimal design architecture
Related violations: <none>

TIMING-16#20 Warning
Large setup violation  
There is a large setup violation of -1.053 ns between your_instance_name/U0/stn_16bit_struct/subsystem/subsystem1/cordic_6_0/stn_16bit_cordic_v6_0_i0_instance/U0/i_synth/i_synth/gen_cordic.output_stage/gen_rotation.gen_rotate.gen_data_x_addsub/m_axis_dout_tdata[22]_INST_0_psdsp/C (clocked by CLK) and your_instance_name/U0/stn_16bit_struct/subsystem/mult4/comp0.core_instance0/U0/i_mult/gDSP.gDSP_only.iDSP/inferred_dsp.use_p_reg.p_reg_reg/A[6] (clocked by CLK). Large setup violations at the end of those stages might be difficult to fix during the post-placement implementation flow and could be the result of non-optimal XDC constraints or non-optimal design architecture
Related violations: <none>

TIMING-16#21 Warning
Large setup violation  
There is a large setup violation of -1.053 ns between your_instance_name/U0/stn_16bit_struct/subsystem/subsystem1/cordic_6_0/stn_16bit_cordic_v6_0_i0_instance/U0/i_synth/i_synth/gen_cordic.output_stage/gen_rotation.gen_rotate.gen_data_x_addsub/m_axis_dout_tdata[31]_INST_0_psdsp/C (clocked by CLK) and your_instance_name/U0/stn_16bit_struct/subsystem/mult4/comp0.core_instance0/U0/i_mult/gDSP.gDSP_only.iDSP/inferred_dsp.use_p_reg.p_reg_reg/A[16] (clocked by CLK). Large setup violations at the end of those stages might be difficult to fix during the post-placement implementation flow and could be the result of non-optimal XDC constraints or non-optimal design architecture
Related violations: <none>

TIMING-16#22 Warning
Large setup violation  
There is a large setup violation of -1.067 ns between your_instance_name/U0/stn_16bit_struct/subsystem/subsystem1/cordic_6_0/stn_16bit_cordic_v6_0_i0_instance/U0/i_synth/i_synth/gen_cordic.output_stage/gen_rotation.gen_rotate.gen_data_y_addsub/m_axis_dout_tdata[8]_INST_0_psdsp/C (clocked by CLK) and your_instance_name/U0/stn_16bit_struct/subsystem/mult5/comp0.core_instance0/U0/i_mult/gDSP.gDSP_only.iDSP/inferred_dsp.use_p_reg.p_reg_reg/A[8] (clocked by CLK). Large setup violations at the end of those stages might be difficult to fix during the post-placement implementation flow and could be the result of non-optimal XDC constraints or non-optimal design architecture
Related violations: <none>

TIMING-16#23 Warning
Large setup violation  
There is a large setup violation of -1.069 ns between your_instance_name/U0/stn_16bit_struct/subsystem/subsystem1/cordic_6_0/stn_16bit_cordic_v6_0_i0_instance/U0/i_synth/i_synth/gen_cordic.output_stage/gen_rotation.gen_rotate.gen_data_y_addsub/m_axis_dout_tdata[0]_INST_0_psdsp/C (clocked by CLK) and your_instance_name/U0/stn_16bit_struct/subsystem/mult5/comp0.core_instance0/U0/i_mult/gDSP.gDSP_only.iDSP/inferred_dsp.use_p_reg.p_reg_reg/A[0] (clocked by CLK). Large setup violations at the end of those stages might be difficult to fix during the post-placement implementation flow and could be the result of non-optimal XDC constraints or non-optimal design architecture
Related violations: <none>

TIMING-16#24 Warning
Large setup violation  
There is a large setup violation of -1.070 ns between your_instance_name/U0/stn_16bit_struct/subsystem/subsystem1/cordic_6_0/stn_16bit_cordic_v6_0_i0_instance/U0/i_synth/i_synth/gen_cordic.output_stage/gen_rotation.gen_rotate.gen_data_y_addsub/m_axis_dout_tdata[9]_INST_0_psdsp/C (clocked by CLK) and your_instance_name/U0/stn_16bit_struct/subsystem/mult5/comp0.core_instance0/U0/i_mult/gDSP.gDSP_only.iDSP/inferred_dsp.use_p_reg.p_reg_reg/A[9] (clocked by CLK). Large setup violations at the end of those stages might be difficult to fix during the post-placement implementation flow and could be the result of non-optimal XDC constraints or non-optimal design architecture
Related violations: <none>

TIMING-16#25 Warning
Large setup violation  
There is a large setup violation of -1.078 ns between your_instance_name/U0/stn_16bit_struct/subsystem/subsystem/cordic_6_0/stn_16bit_cordic_v6_0_i0_instance/U0/i_synth/i_synth/gen_cordic.output_stage/gen_rotation.gen_rotate.gen_data_y_addsub/m_axis_dout_tdata[14]_INST_0_psdsp/C (clocked by CLK) and your_instance_name/U0/stn_16bit_struct/subsystem/mult3/comp0.core_instance0/U0/i_mult/gDSP.gDSP_only.iDSP/inferred_dsp.use_p_reg.p_reg_reg/B[14] (clocked by CLK). Large setup violations at the end of those stages might be difficult to fix during the post-placement implementation flow and could be the result of non-optimal XDC constraints or non-optimal design architecture
Related violations: <none>

TIMING-16#26 Warning
Large setup violation  
There is a large setup violation of -1.089 ns between your_instance_name/U0/stn_16bit_struct/subsystem/mult2/comp0.core_instance0/U0/i_mult/gDSP.gDSP_only.iDSP/inferred_dsp.use_p_reg.p_reg_reg/CLK (clocked by CLK) and your_instance_name/U0/stn_16bit_struct/subsystem/addsub6/comp0.core_instance0/U0/xst_addsub/i_baseblox.i_baseblox_addsub/no_pipelining.the_addsub/i_lut6.i_lut6_addsub/i_q.i_simple.qreg/i_no_async_controls.output_reg[16]/D (clocked by CLK). Large setup violations at the end of those stages might be difficult to fix during the post-placement implementation flow and could be the result of non-optimal XDC constraints or non-optimal design architecture
Related violations: <none>

TIMING-16#27 Warning
Large setup violation  
There is a large setup violation of -1.095 ns between your_instance_name/U0/stn_16bit_struct/subsystem/subsystem/cordic_6_0/stn_16bit_cordic_v6_0_i0_instance/U0/i_synth/i_synth/gen_cordic.output_stage/gen_rotation.gen_rotate.gen_data_x_addsub/m_axis_dout_tdata[19]_INST_0_psdsp/C (clocked by CLK) and your_instance_name/U0/stn_16bit_struct/subsystem/mult2/comp0.core_instance0/U0/i_mult/gDSP.gDSP_only.iDSP/inferred_dsp.use_p_reg.p_reg_reg/B[3] (clocked by CLK). Large setup violations at the end of those stages might be difficult to fix during the post-placement implementation flow and could be the result of non-optimal XDC constraints or non-optimal design architecture
Related violations: <none>

TIMING-16#28 Warning
Large setup violation  
There is a large setup violation of -1.105 ns between your_instance_name/U0/stn_16bit_struct/subsystem/addsub3/comp0.core_instance0/U0/xst_addsub/i_baseblox.i_baseblox_addsub/no_pipelining.the_addsub/i_lut6.i_lut6_addsub/i_q.i_simple.qreg/i_no_async_controls.output_reg[1]/C (clocked by CLK) and your_instance_name/U0/stn_16bit_struct/subsystem/subsystem1/addsub4/comp0.core_instance0/U0/xst_addsub/i_baseblox.i_baseblox_addsub/no_pipelining.the_addsub/i_lut6.i_lut6_addsub/i_q.i_simple.qreg/i_no_async_controls.output_reg[14]/D (clocked by CLK). Large setup violations at the end of those stages might be difficult to fix during the post-placement implementation flow and could be the result of non-optimal XDC constraints or non-optimal design architecture
Related violations: <none>

TIMING-16#29 Warning
Large setup violation  
There is a large setup violation of -1.110 ns between your_instance_name/U0/stn_16bit_struct/subsystem/mult2/comp0.core_instance0/U0/i_mult/gDSP.gDSP_only.iDSP/inferred_dsp.use_p_reg.p_reg_reg/CLK (clocked by CLK) and your_instance_name/U0/stn_16bit_struct/subsystem/addsub6/comp0.core_instance0/U0/xst_addsub/i_baseblox.i_baseblox_addsub/no_pipelining.the_addsub/i_lut6.i_lut6_addsub/i_q.i_simple.qreg/i_no_async_controls.output_reg[14]/D (clocked by CLK). Large setup violations at the end of those stages might be difficult to fix during the post-placement implementation flow and could be the result of non-optimal XDC constraints or non-optimal design architecture
Related violations: <none>

TIMING-16#30 Warning
Large setup violation  
There is a large setup violation of -1.111 ns between your_instance_name/U0/stn_16bit_struct/subsystem/subsystem1/cordic_6_0/stn_16bit_cordic_v6_0_i0_instance/U0/i_synth/i_synth/gen_cordic.output_stage/gen_rotation.gen_rotate.gen_data_y_addsub/m_axis_dout_tdata[13]_INST_0_psdsp/C (clocked by CLK) and your_instance_name/U0/stn_16bit_struct/subsystem/mult5/comp0.core_instance0/U0/i_mult/gDSP.gDSP_only.iDSP/inferred_dsp.use_p_reg.p_reg_reg/A[13] (clocked by CLK). Large setup violations at the end of those stages might be difficult to fix during the post-placement implementation flow and could be the result of non-optimal XDC constraints or non-optimal design architecture
Related violations: <none>

TIMING-16#31 Warning
Large setup violation  
There is a large setup violation of -1.124 ns between your_instance_name/U0/stn_16bit_struct/subsystem/addsub3/comp0.core_instance0/U0/xst_addsub/i_baseblox.i_baseblox_addsub/no_pipelining.the_addsub/i_lut6.i_lut6_addsub/i_q.i_simple.qreg/i_no_async_controls.output_reg[4]/C (clocked by CLK) and your_instance_name/U0/stn_16bit_struct/subsystem/subsystem1/addsub2/comp1.core_instance1/U0/xst_addsub/i_baseblox.i_baseblox_addsub/no_pipelining.the_addsub/i_lut6.i_lut6_addsub/i_q.i_simple.qreg/i_no_async_controls.output_reg[14]/D (clocked by CLK). Large setup violations at the end of those stages might be difficult to fix during the post-placement implementation flow and could be the result of non-optimal XDC constraints or non-optimal design architecture
Related violations: <none>

TIMING-16#32 Warning
Large setup violation  
There is a large setup violation of -1.134 ns between your_instance_name/U0/stn_16bit_struct/subsystem/subsystem1/cordic_6_0/stn_16bit_cordic_v6_0_i0_instance/U0/i_synth/i_synth/gen_cordic.output_stage/gen_rotation.gen_rotate.gen_data_x_addsub/m_axis_dout_tdata[21]_INST_0_psdsp/C (clocked by CLK) and your_instance_name/U0/stn_16bit_struct/subsystem/mult4/comp0.core_instance0/U0/i_mult/gDSP.gDSP_only.iDSP/inferred_dsp.use_p_reg.p_reg_reg/A[5] (clocked by CLK). Large setup violations at the end of those stages might be difficult to fix during the post-placement implementation flow and could be the result of non-optimal XDC constraints or non-optimal design architecture
Related violations: <none>

TIMING-16#33 Warning
Large setup violation  
There is a large setup violation of -1.172 ns between your_instance_name/U0/stn_16bit_struct/subsystem/subsystem1/cordic_6_0/stn_16bit_cordic_v6_0_i0_instance/U0/i_synth/i_synth/gen_cordic.output_stage/gen_rotation.gen_rotate.gen_data_y_addsub/m_axis_dout_tdata[15]_INST_0_psdsp/C (clocked by CLK) and your_instance_name/U0/stn_16bit_struct/subsystem/mult5/comp0.core_instance0/U0/i_mult/gDSP.gDSP_only.iDSP/inferred_dsp.use_p_reg.p_reg_reg/A[15] (clocked by CLK). Large setup violations at the end of those stages might be difficult to fix during the post-placement implementation flow and could be the result of non-optimal XDC constraints or non-optimal design architecture
Related violations: <none>

TIMING-16#34 Warning
Large setup violation  
There is a large setup violation of -1.178 ns between your_instance_name/U0/stn_16bit_struct/subsystem/subsystem1/cordic_6_0/stn_16bit_cordic_v6_0_i0_instance/U0/i_synth/i_synth/gen_cordic.output_stage/gen_rotation.gen_rotate.gen_data_y_addsub/m_axis_dout_tdata[15]_INST_0_psdsp/C (clocked by CLK) and your_instance_name/U0/stn_16bit_struct/subsystem/mult5/comp0.core_instance0/U0/i_mult/gDSP.gDSP_only.iDSP/inferred_dsp.use_p_reg.p_reg_reg/A[16] (clocked by CLK). Large setup violations at the end of those stages might be difficult to fix during the post-placement implementation flow and could be the result of non-optimal XDC constraints or non-optimal design architecture
Related violations: <none>

TIMING-16#35 Warning
Large setup violation  
There is a large setup violation of -1.178 ns between your_instance_name/U0/stn_16bit_struct/subsystem/subsystem1/cordic_6_0/stn_16bit_cordic_v6_0_i0_instance/U0/i_synth/i_synth/gen_cordic.output_stage/gen_rotation.gen_rotate.gen_data_y_addsub/m_axis_dout_tdata[15]_INST_0_psdsp/C (clocked by CLK) and your_instance_name/U0/stn_16bit_struct/subsystem/mult5/comp0.core_instance0/U0/i_mult/gDSP.gDSP_only.iDSP/inferred_dsp.use_p_reg.p_reg_reg/A[17] (clocked by CLK). Large setup violations at the end of those stages might be difficult to fix during the post-placement implementation flow and could be the result of non-optimal XDC constraints or non-optimal design architecture
Related violations: <none>

TIMING-16#36 Warning
Large setup violation  
There is a large setup violation of -1.178 ns between your_instance_name/U0/stn_16bit_struct/subsystem/subsystem1/cordic_6_0/stn_16bit_cordic_v6_0_i0_instance/U0/i_synth/i_synth/gen_cordic.output_stage/gen_rotation.gen_rotate.gen_data_y_addsub/m_axis_dout_tdata[15]_INST_0_psdsp/C (clocked by CLK) and your_instance_name/U0/stn_16bit_struct/subsystem/mult5/comp0.core_instance0/U0/i_mult/gDSP.gDSP_only.iDSP/inferred_dsp.use_p_reg.p_reg_reg/A[18] (clocked by CLK). Large setup violations at the end of those stages might be difficult to fix during the post-placement implementation flow and could be the result of non-optimal XDC constraints or non-optimal design architecture
Related violations: <none>

TIMING-16#37 Warning
Large setup violation  
There is a large setup violation of -1.178 ns between your_instance_name/U0/stn_16bit_struct/subsystem/subsystem1/cordic_6_0/stn_16bit_cordic_v6_0_i0_instance/U0/i_synth/i_synth/gen_cordic.output_stage/gen_rotation.gen_rotate.gen_data_y_addsub/m_axis_dout_tdata[15]_INST_0_psdsp/C (clocked by CLK) and your_instance_name/U0/stn_16bit_struct/subsystem/mult5/comp0.core_instance0/U0/i_mult/gDSP.gDSP_only.iDSP/inferred_dsp.use_p_reg.p_reg_reg/A[19] (clocked by CLK). Large setup violations at the end of those stages might be difficult to fix during the post-placement implementation flow and could be the result of non-optimal XDC constraints or non-optimal design architecture
Related violations: <none>

TIMING-16#38 Warning
Large setup violation  
There is a large setup violation of -1.193 ns between your_instance_name/U0/stn_16bit_struct/subsystem/subsystem/cordic_6_0/stn_16bit_cordic_v6_0_i0_instance/U0/i_synth/i_synth/gen_cordic.output_stage/gen_rotation.gen_rotate.gen_data_y_addsub/m_axis_dout_tdata[12]_INST_0_psdsp/C (clocked by CLK) and your_instance_name/U0/stn_16bit_struct/subsystem/mult3/comp0.core_instance0/U0/i_mult/gDSP.gDSP_only.iDSP/inferred_dsp.use_p_reg.p_reg_reg/B[12] (clocked by CLK). Large setup violations at the end of those stages might be difficult to fix during the post-placement implementation flow and could be the result of non-optimal XDC constraints or non-optimal design architecture
Related violations: <none>

TIMING-16#39 Warning
Large setup violation  
There is a large setup violation of -1.199 ns between your_instance_name/U0/stn_16bit_struct/subsystem/subsystem1/cordic_6_0/stn_16bit_cordic_v6_0_i0_instance/U0/i_synth/i_synth/gen_cordic.output_stage/gen_rotation.gen_rotate.gen_data_y_addsub/m_axis_dout_tdata[6]_INST_0_psdsp/C (clocked by CLK) and your_instance_name/U0/stn_16bit_struct/subsystem/mult5/comp0.core_instance0/U0/i_mult/gDSP.gDSP_only.iDSP/inferred_dsp.use_p_reg.p_reg_reg/A[6] (clocked by CLK). Large setup violations at the end of those stages might be difficult to fix during the post-placement implementation flow and could be the result of non-optimal XDC constraints or non-optimal design architecture
Related violations: <none>

TIMING-16#40 Warning
Large setup violation  
There is a large setup violation of -1.210 ns between your_instance_name/U0/stn_16bit_struct/subsystem/subsystem1/cordic_6_0/stn_16bit_cordic_v6_0_i0_instance/U0/i_synth/i_synth/gen_cordic.output_stage/gen_rotation.gen_rotate.gen_data_y_addsub/m_axis_dout_tdata[11]_INST_0_psdsp/C (clocked by CLK) and your_instance_name/U0/stn_16bit_struct/subsystem/mult5/comp0.core_instance0/U0/i_mult/gDSP.gDSP_only.iDSP/inferred_dsp.use_p_reg.p_reg_reg/A[11] (clocked by CLK). Large setup violations at the end of those stages might be difficult to fix during the post-placement implementation flow and could be the result of non-optimal XDC constraints or non-optimal design architecture
Related violations: <none>

TIMING-16#41 Warning
Large setup violation  
There is a large setup violation of -1.222 ns between your_instance_name/U0/stn_16bit_struct/subsystem/subsystem1/cordic_6_0/stn_16bit_cordic_v6_0_i0_instance/U0/i_synth/i_synth/gen_cordic.output_stage/gen_rotation.gen_rotate.gen_data_y_addsub/m_axis_dout_tdata[15]_INST_0_psdsp/C (clocked by CLK) and your_instance_name/U0/stn_16bit_struct/subsystem/mult5/comp0.core_instance0/U0/i_mult/gDSP.gDSP_only.iDSP/inferred_dsp.use_p_reg.p_reg_reg/A[28] (clocked by CLK). Large setup violations at the end of those stages might be difficult to fix during the post-placement implementation flow and could be the result of non-optimal XDC constraints or non-optimal design architecture
Related violations: <none>

TIMING-16#42 Warning
Large setup violation  
There is a large setup violation of -1.222 ns between your_instance_name/U0/stn_16bit_struct/subsystem/subsystem1/cordic_6_0/stn_16bit_cordic_v6_0_i0_instance/U0/i_synth/i_synth/gen_cordic.output_stage/gen_rotation.gen_rotate.gen_data_y_addsub/m_axis_dout_tdata[15]_INST_0_psdsp/C (clocked by CLK) and your_instance_name/U0/stn_16bit_struct/subsystem/mult5/comp0.core_instance0/U0/i_mult/gDSP.gDSP_only.iDSP/inferred_dsp.use_p_reg.p_reg_reg/A[29] (clocked by CLK). Large setup violations at the end of those stages might be difficult to fix during the post-placement implementation flow and could be the result of non-optimal XDC constraints or non-optimal design architecture
Related violations: <none>

TIMING-16#43 Warning
Large setup violation  
There is a large setup violation of -1.240 ns between your_instance_name/U0/stn_16bit_struct/subsystem/subsystem1/cordic_6_0/stn_16bit_cordic_v6_0_i0_instance/U0/i_synth/i_synth/gen_cordic.output_stage/gen_rotation.gen_rotate.gen_data_y_addsub/m_axis_dout_tdata[15]_INST_0_psdsp/C (clocked by CLK) and your_instance_name/U0/stn_16bit_struct/subsystem/mult5/comp0.core_instance0/U0/i_mult/gDSP.gDSP_only.iDSP/inferred_dsp.use_p_reg.p_reg_reg/A[20] (clocked by CLK). Large setup violations at the end of those stages might be difficult to fix during the post-placement implementation flow and could be the result of non-optimal XDC constraints or non-optimal design architecture
Related violations: <none>

TIMING-16#44 Warning
Large setup violation  
There is a large setup violation of -1.240 ns between your_instance_name/U0/stn_16bit_struct/subsystem/subsystem1/cordic_6_0/stn_16bit_cordic_v6_0_i0_instance/U0/i_synth/i_synth/gen_cordic.output_stage/gen_rotation.gen_rotate.gen_data_y_addsub/m_axis_dout_tdata[15]_INST_0_psdsp/C (clocked by CLK) and your_instance_name/U0/stn_16bit_struct/subsystem/mult5/comp0.core_instance0/U0/i_mult/gDSP.gDSP_only.iDSP/inferred_dsp.use_p_reg.p_reg_reg/A[21] (clocked by CLK). Large setup violations at the end of those stages might be difficult to fix during the post-placement implementation flow and could be the result of non-optimal XDC constraints or non-optimal design architecture
Related violations: <none>

TIMING-16#45 Warning
Large setup violation  
There is a large setup violation of -1.240 ns between your_instance_name/U0/stn_16bit_struct/subsystem/subsystem1/cordic_6_0/stn_16bit_cordic_v6_0_i0_instance/U0/i_synth/i_synth/gen_cordic.output_stage/gen_rotation.gen_rotate.gen_data_y_addsub/m_axis_dout_tdata[15]_INST_0_psdsp/C (clocked by CLK) and your_instance_name/U0/stn_16bit_struct/subsystem/mult5/comp0.core_instance0/U0/i_mult/gDSP.gDSP_only.iDSP/inferred_dsp.use_p_reg.p_reg_reg/A[22] (clocked by CLK). Large setup violations at the end of those stages might be difficult to fix during the post-placement implementation flow and could be the result of non-optimal XDC constraints or non-optimal design architecture
Related violations: <none>

TIMING-16#46 Warning
Large setup violation  
There is a large setup violation of -1.240 ns between your_instance_name/U0/stn_16bit_struct/subsystem/subsystem1/cordic_6_0/stn_16bit_cordic_v6_0_i0_instance/U0/i_synth/i_synth/gen_cordic.output_stage/gen_rotation.gen_rotate.gen_data_y_addsub/m_axis_dout_tdata[15]_INST_0_psdsp/C (clocked by CLK) and your_instance_name/U0/stn_16bit_struct/subsystem/mult5/comp0.core_instance0/U0/i_mult/gDSP.gDSP_only.iDSP/inferred_dsp.use_p_reg.p_reg_reg/A[23] (clocked by CLK). Large setup violations at the end of those stages might be difficult to fix during the post-placement implementation flow and could be the result of non-optimal XDC constraints or non-optimal design architecture
Related violations: <none>

TIMING-16#47 Warning
Large setup violation  
There is a large setup violation of -1.242 ns between your_instance_name/U0/stn_16bit_struct/subsystem/subsystem1/cordic_6_0/stn_16bit_cordic_v6_0_i0_instance/U0/i_synth/i_synth/gen_cordic.output_stage/gen_rotation.gen_rotate.gen_data_y_addsub/m_axis_dout_tdata[7]_INST_0_psdsp/C (clocked by CLK) and your_instance_name/U0/stn_16bit_struct/subsystem/mult5/comp0.core_instance0/U0/i_mult/gDSP.gDSP_only.iDSP/inferred_dsp.use_p_reg.p_reg_reg/A[7] (clocked by CLK). Large setup violations at the end of those stages might be difficult to fix during the post-placement implementation flow and could be the result of non-optimal XDC constraints or non-optimal design architecture
Related violations: <none>

TIMING-16#48 Warning
Large setup violation  
There is a large setup violation of -1.312 ns between your_instance_name/U0/stn_16bit_struct/subsystem/subsystem1/cordic_6_0/stn_16bit_cordic_v6_0_i0_instance/U0/i_synth/i_synth/gen_cordic.output_stage/gen_rotation.gen_rotate.gen_data_y_addsub/m_axis_dout_tdata[15]_INST_0_psdsp/C (clocked by CLK) and your_instance_name/U0/stn_16bit_struct/subsystem/mult5/comp0.core_instance0/U0/i_mult/gDSP.gDSP_only.iDSP/inferred_dsp.use_p_reg.p_reg_reg/A[25] (clocked by CLK). Large setup violations at the end of those stages might be difficult to fix during the post-placement implementation flow and could be the result of non-optimal XDC constraints or non-optimal design architecture
Related violations: <none>

TIMING-16#49 Warning
Large setup violation  
There is a large setup violation of -1.321 ns between your_instance_name/U0/stn_16bit_struct/subsystem/subsystem1/cordic_6_0/stn_16bit_cordic_v6_0_i0_instance/U0/i_synth/i_synth/gen_cordic.output_stage/gen_rotation.gen_rotate.gen_data_y_addsub/m_axis_dout_tdata[15]_INST_0_psdsp/C (clocked by CLK) and your_instance_name/U0/stn_16bit_struct/subsystem/mult5/comp0.core_instance0/U0/i_mult/gDSP.gDSP_only.iDSP/inferred_dsp.use_p_reg.p_reg_reg/A[24] (clocked by CLK). Large setup violations at the end of those stages might be difficult to fix during the post-placement implementation flow and could be the result of non-optimal XDC constraints or non-optimal design architecture
Related violations: <none>

TIMING-16#50 Warning
Large setup violation  
There is a large setup violation of -1.321 ns between your_instance_name/U0/stn_16bit_struct/subsystem/subsystem1/cordic_6_0/stn_16bit_cordic_v6_0_i0_instance/U0/i_synth/i_synth/gen_cordic.output_stage/gen_rotation.gen_rotate.gen_data_y_addsub/m_axis_dout_tdata[15]_INST_0_psdsp/C (clocked by CLK) and your_instance_name/U0/stn_16bit_struct/subsystem/mult5/comp0.core_instance0/U0/i_mult/gDSP.gDSP_only.iDSP/inferred_dsp.use_p_reg.p_reg_reg/A[26] (clocked by CLK). Large setup violations at the end of those stages might be difficult to fix during the post-placement implementation flow and could be the result of non-optimal XDC constraints or non-optimal design architecture
Related violations: <none>

TIMING-16#51 Warning
Large setup violation  
There is a large setup violation of -1.321 ns between your_instance_name/U0/stn_16bit_struct/subsystem/subsystem1/cordic_6_0/stn_16bit_cordic_v6_0_i0_instance/U0/i_synth/i_synth/gen_cordic.output_stage/gen_rotation.gen_rotate.gen_data_y_addsub/m_axis_dout_tdata[15]_INST_0_psdsp/C (clocked by CLK) and your_instance_name/U0/stn_16bit_struct/subsystem/mult5/comp0.core_instance0/U0/i_mult/gDSP.gDSP_only.iDSP/inferred_dsp.use_p_reg.p_reg_reg/A[27] (clocked by CLK). Large setup violations at the end of those stages might be difficult to fix during the post-placement implementation flow and could be the result of non-optimal XDC constraints or non-optimal design architecture
Related violations: <none>

TIMING-16#52 Warning
Large setup violation  
There is a large setup violation of -1.375 ns between your_instance_name/U0/stn_16bit_struct/subsystem/addsub/comp0.core_instance0/U0/xst_addsub/i_baseblox.i_baseblox_addsub/no_pipelining.the_addsub/i_lut6.i_lut6_addsub/i_q.i_simple.qreg/i_no_async_controls.output_reg[12]/C (clocked by CLK) and your_instance_name/U0/stn_16bit_struct/subsystem/subsystem/relational3/op_mem_37_22_reg[0]/D (clocked by CLK). Large setup violations at the end of those stages might be difficult to fix during the post-placement implementation flow and could be the result of non-optimal XDC constraints or non-optimal design architecture
Related violations: <none>

TIMING-16#53 Warning
Large setup violation  
There is a large setup violation of -1.461 ns between your_instance_name/U0/stn_16bit_struct/subsystem/addsub/comp0.core_instance0/U0/xst_addsub/i_baseblox.i_baseblox_addsub/no_pipelining.the_addsub/i_lut6.i_lut6_addsub/i_q.i_simple.qreg/i_no_async_controls.output_reg[7]/C (clocked by CLK) and your_instance_name/U0/stn_16bit_struct/subsystem/subsystem/relational2/op_mem_37_22_reg[0]/D (clocked by CLK). Large setup violations at the end of those stages might be difficult to fix during the post-placement implementation flow and could be the result of non-optimal XDC constraints or non-optimal design architecture
Related violations: <none>

TIMING-16#54 Warning
Large setup violation  
There is a large setup violation of -1.502 ns between your_instance_name/U0/stn_16bit_struct/subsystem/addsub/comp0.core_instance0/U0/xst_addsub/i_baseblox.i_baseblox_addsub/no_pipelining.the_addsub/i_lut6.i_lut6_addsub/i_q.i_simple.qreg/i_no_async_controls.output_reg[6]/C (clocked by CLK) and your_instance_name/U0/stn_16bit_struct/subsystem/subsystem/relational/op_mem_37_22_reg[0]/D (clocked by CLK). Large setup violations at the end of those stages might be difficult to fix during the post-placement implementation flow and could be the result of non-optimal XDC constraints or non-optimal design architecture
Related violations: <none>

TIMING-16#55 Warning
Large setup violation  
There is a large setup violation of -37.973 ns between your_instance_name/U0/stn_16bit_struct/subsystem/subsystem/shift1/op_mem_46_20_reg[0][15]/C (clocked by CLK) and your_instance_name/U0/stn_16bit_struct/subsystem/subsystem/cordic_6_0/stn_16bit_cordic_v6_0_i0_instance/U0/i_synth/i_synth/gen_cordic.output_stage/gen_rotation.gen_rotate.gen_data_x_addsub/m_axis_dout_tdata[16]_INST_0_psdsp/D (clocked by CLK). Large setup violations at the end of those stages might be difficult to fix during the post-placement implementation flow and could be the result of non-optimal XDC constraints or non-optimal design architecture
Related violations: <none>

TIMING-16#56 Warning
Large setup violation  
There is a large setup violation of -38.036 ns between your_instance_name/U0/stn_16bit_struct/subsystem/subsystem/shift1/op_mem_46_20_reg[0][15]/C (clocked by CLK) and your_instance_name/U0/stn_16bit_struct/subsystem/subsystem/cordic_6_0/stn_16bit_cordic_v6_0_i0_instance/U0/i_synth/i_synth/gen_cordic.output_stage/gen_rotation.gen_rotate.gen_data_x_addsub/m_axis_dout_tdata[18]_INST_0_psdsp/D (clocked by CLK). Large setup violations at the end of those stages might be difficult to fix during the post-placement implementation flow and could be the result of non-optimal XDC constraints or non-optimal design architecture
Related violations: <none>

TIMING-16#57 Warning
Large setup violation  
There is a large setup violation of -38.130 ns between your_instance_name/U0/stn_16bit_struct/subsystem/subsystem1/shift1/op_mem_46_20_reg[0][15]_replica_4/C (clocked by CLK) and your_instance_name/U0/stn_16bit_struct/subsystem/subsystem1/cordic_6_0/stn_16bit_cordic_v6_0_i0_instance/U0/i_synth/i_synth/gen_cordic.output_stage/gen_rotation.gen_rotate.gen_data_y_addsub/m_axis_dout_tdata[0]_INST_0_psdsp/D (clocked by CLK). Large setup violations at the end of those stages might be difficult to fix during the post-placement implementation flow and could be the result of non-optimal XDC constraints or non-optimal design architecture
Related violations: <none>

TIMING-16#58 Warning
Large setup violation  
There is a large setup violation of -38.134 ns between your_instance_name/U0/stn_16bit_struct/subsystem/subsystem/shift1/op_mem_46_20_reg[0][15]/C (clocked by CLK) and your_instance_name/U0/stn_16bit_struct/subsystem/subsystem/cordic_6_0/stn_16bit_cordic_v6_0_i0_instance/U0/i_synth/i_synth/gen_cordic.output_stage/gen_rotation.gen_rotate.gen_data_x_addsub/m_axis_dout_tdata[17]_INST_0_psdsp/D (clocked by CLK). Large setup violations at the end of those stages might be difficult to fix during the post-placement implementation flow and could be the result of non-optimal XDC constraints or non-optimal design architecture
Related violations: <none>

TIMING-16#59 Warning
Large setup violation  
There is a large setup violation of -38.160 ns between your_instance_name/U0/stn_16bit_struct/subsystem/subsystem/shift1/op_mem_46_20_reg[0][15]/C (clocked by CLK) and your_instance_name/U0/stn_16bit_struct/subsystem/subsystem/cordic_6_0/stn_16bit_cordic_v6_0_i0_instance/U0/i_synth/i_synth/gen_cordic.output_stage/gen_rotation.gen_rotate.gen_data_y_addsub/m_axis_dout_tdata[1]_INST_0_psdsp/D (clocked by CLK). Large setup violations at the end of those stages might be difficult to fix during the post-placement implementation flow and could be the result of non-optimal XDC constraints or non-optimal design architecture
Related violations: <none>

TIMING-16#60 Warning
Large setup violation  
There is a large setup violation of -38.224 ns between your_instance_name/U0/stn_16bit_struct/subsystem/subsystem/shift1/op_mem_46_20_reg[0][15]/C (clocked by CLK) and your_instance_name/U0/stn_16bit_struct/subsystem/subsystem/cordic_6_0/stn_16bit_cordic_v6_0_i0_instance/U0/i_synth/i_synth/gen_cordic.output_stage/gen_rotation.gen_rotate.gen_data_x_addsub/m_axis_dout_tdata[20]_INST_0_psdsp/D (clocked by CLK). Large setup violations at the end of those stages might be difficult to fix during the post-placement implementation flow and could be the result of non-optimal XDC constraints or non-optimal design architecture
Related violations: <none>

TIMING-16#61 Warning
Large setup violation  
There is a large setup violation of -38.261 ns between your_instance_name/U0/stn_16bit_struct/subsystem/subsystem/shift1/op_mem_46_20_reg[0][15]/C (clocked by CLK) and your_instance_name/U0/stn_16bit_struct/subsystem/subsystem/cordic_6_0/stn_16bit_cordic_v6_0_i0_instance/U0/i_synth/i_synth/gen_cordic.output_stage/gen_rotation.gen_rotate.gen_data_y_addsub/m_axis_dout_tdata[0]_INST_0_psdsp/D (clocked by CLK). Large setup violations at the end of those stages might be difficult to fix during the post-placement implementation flow and could be the result of non-optimal XDC constraints or non-optimal design architecture
Related violations: <none>

TIMING-16#62 Warning
Large setup violation  
There is a large setup violation of -38.284 ns between your_instance_name/U0/stn_16bit_struct/subsystem/subsystem/shift1/op_mem_46_20_reg[0][15]/C (clocked by CLK) and your_instance_name/U0/stn_16bit_struct/subsystem/subsystem/cordic_6_0/stn_16bit_cordic_v6_0_i0_instance/U0/i_synth/i_synth/gen_cordic.output_stage/gen_rotation.gen_rotate.gen_data_y_addsub/m_axis_dout_tdata[11]_INST_0_psdsp/D (clocked by CLK). Large setup violations at the end of those stages might be difficult to fix during the post-placement implementation flow and could be the result of non-optimal XDC constraints or non-optimal design architecture
Related violations: <none>

TIMING-16#63 Warning
Large setup violation  
There is a large setup violation of -38.299 ns between your_instance_name/U0/stn_16bit_struct/subsystem/subsystem1/shift1/op_mem_46_20_reg[0][15]_replica_4/C (clocked by CLK) and your_instance_name/U0/stn_16bit_struct/subsystem/subsystem1/cordic_6_0/stn_16bit_cordic_v6_0_i0_instance/U0/i_synth/i_synth/gen_cordic.output_stage/gen_rotation.gen_rotate.gen_data_y_addsub/m_axis_dout_tdata[2]_INST_0_psdsp/D (clocked by CLK). Large setup violations at the end of those stages might be difficult to fix during the post-placement implementation flow and could be the result of non-optimal XDC constraints or non-optimal design architecture
Related violations: <none>

TIMING-16#64 Warning
Large setup violation  
There is a large setup violation of -38.385 ns between your_instance_name/U0/stn_16bit_struct/subsystem/subsystem/shift1/op_mem_46_20_reg[0][15]/C (clocked by CLK) and your_instance_name/U0/stn_16bit_struct/subsystem/subsystem/cordic_6_0/stn_16bit_cordic_v6_0_i0_instance/U0/i_synth/i_synth/gen_cordic.output_stage/gen_rotation.gen_rotate.gen_data_x_addsub/m_axis_dout_tdata[27]_INST_0_psdsp/D (clocked by CLK). Large setup violations at the end of those stages might be difficult to fix during the post-placement implementation flow and could be the result of non-optimal XDC constraints or non-optimal design architecture
Related violations: <none>

TIMING-16#65 Warning
Large setup violation  
There is a large setup violation of -38.409 ns between your_instance_name/U0/stn_16bit_struct/subsystem/subsystem/shift1/op_mem_46_20_reg[0][15]/C (clocked by CLK) and your_instance_name/U0/stn_16bit_struct/subsystem/subsystem/cordic_6_0/stn_16bit_cordic_v6_0_i0_instance/U0/i_synth/i_synth/gen_cordic.output_stage/gen_rotation.gen_rotate.gen_data_y_addsub/m_axis_dout_tdata[4]_INST_0_psdsp/D (clocked by CLK). Large setup violations at the end of those stages might be difficult to fix during the post-placement implementation flow and could be the result of non-optimal XDC constraints or non-optimal design architecture
Related violations: <none>

TIMING-16#66 Warning
Large setup violation  
There is a large setup violation of -38.410 ns between your_instance_name/U0/stn_16bit_struct/subsystem/subsystem/shift1/op_mem_46_20_reg[0][15]/C (clocked by CLK) and your_instance_name/U0/stn_16bit_struct/subsystem/subsystem/cordic_6_0/stn_16bit_cordic_v6_0_i0_instance/U0/i_synth/i_synth/gen_cordic.output_stage/gen_rotation.gen_rotate.gen_data_x_addsub/m_axis_dout_tdata[24]_INST_0_psdsp/D (clocked by CLK). Large setup violations at the end of those stages might be difficult to fix during the post-placement implementation flow and could be the result of non-optimal XDC constraints or non-optimal design architecture
Related violations: <none>

TIMING-16#67 Warning
Large setup violation  
There is a large setup violation of -38.412 ns between your_instance_name/U0/stn_16bit_struct/subsystem/subsystem/shift1/op_mem_46_20_reg[0][15]/C (clocked by CLK) and your_instance_name/U0/stn_16bit_struct/subsystem/subsystem/cordic_6_0/stn_16bit_cordic_v6_0_i0_instance/U0/i_synth/i_synth/gen_cordic.output_stage/gen_rotation.gen_rotate.gen_data_y_addsub/m_axis_dout_tdata[9]_INST_0_psdsp/D (clocked by CLK). Large setup violations at the end of those stages might be difficult to fix during the post-placement implementation flow and could be the result of non-optimal XDC constraints or non-optimal design architecture
Related violations: <none>

TIMING-16#68 Warning
Large setup violation  
There is a large setup violation of -38.433 ns between your_instance_name/U0/stn_16bit_struct/subsystem/subsystem/shift1/op_mem_46_20_reg[0][15]/C (clocked by CLK) and your_instance_name/U0/stn_16bit_struct/subsystem/subsystem/cordic_6_0/stn_16bit_cordic_v6_0_i0_instance/U0/i_synth/i_synth/gen_cordic.output_stage/gen_rotation.gen_rotate.gen_data_y_addsub/m_axis_dout_tdata[6]_INST_0_psdsp/D (clocked by CLK). Large setup violations at the end of those stages might be difficult to fix during the post-placement implementation flow and could be the result of non-optimal XDC constraints or non-optimal design architecture
Related violations: <none>

TIMING-16#69 Warning
Large setup violation  
There is a large setup violation of -38.454 ns between your_instance_name/U0/stn_16bit_struct/subsystem/subsystem/shift1/op_mem_46_20_reg[0][15]/C (clocked by CLK) and your_instance_name/U0/stn_16bit_struct/subsystem/subsystem/cordic_6_0/stn_16bit_cordic_v6_0_i0_instance/U0/i_synth/i_synth/gen_cordic.output_stage/gen_rotation.gen_rotate.gen_data_x_addsub/m_axis_dout_tdata[23]_INST_0_psdsp/D (clocked by CLK). Large setup violations at the end of those stages might be difficult to fix during the post-placement implementation flow and could be the result of non-optimal XDC constraints or non-optimal design architecture
Related violations: <none>

TIMING-16#70 Warning
Large setup violation  
There is a large setup violation of -38.472 ns between your_instance_name/U0/stn_16bit_struct/subsystem/subsystem1/shift1/op_mem_46_20_reg[0][15]_replica_4/C (clocked by CLK) and your_instance_name/U0/stn_16bit_struct/subsystem/subsystem1/cordic_6_0/stn_16bit_cordic_v6_0_i0_instance/U0/i_synth/i_synth/gen_cordic.output_stage/gen_rotation.gen_rotate.gen_data_y_addsub/m_axis_dout_tdata[4]_INST_0_psdsp/D (clocked by CLK). Large setup violations at the end of those stages might be difficult to fix during the post-placement implementation flow and could be the result of non-optimal XDC constraints or non-optimal design architecture
Related violations: <none>

TIMING-16#71 Warning
Large setup violation  
There is a large setup violation of -38.477 ns between your_instance_name/U0/stn_16bit_struct/subsystem/subsystem1/shift1/op_mem_46_20_reg[0][15]_replica_4/C (clocked by CLK) and your_instance_name/U0/stn_16bit_struct/subsystem/subsystem1/cordic_6_0/stn_16bit_cordic_v6_0_i0_instance/U0/i_synth/i_synth/gen_cordic.output_stage/gen_rotation.gen_rotate.gen_data_y_addsub/m_axis_dout_tdata[1]_INST_0_psdsp/D (clocked by CLK). Large setup violations at the end of those stages might be difficult to fix during the post-placement implementation flow and could be the result of non-optimal XDC constraints or non-optimal design architecture
Related violations: <none>

TIMING-16#72 Warning
Large setup violation  
There is a large setup violation of -38.482 ns between your_instance_name/U0/stn_16bit_struct/subsystem/subsystem/shift1/op_mem_46_20_reg[0][15]/C (clocked by CLK) and your_instance_name/U0/stn_16bit_struct/subsystem/subsystem/cordic_6_0/stn_16bit_cordic_v6_0_i0_instance/U0/i_synth/i_synth/gen_cordic.output_stage/gen_rotation.gen_rotate.gen_data_y_addsub/m_axis_dout_tdata[8]_INST_0_psdsp/D (clocked by CLK). Large setup violations at the end of those stages might be difficult to fix during the post-placement implementation flow and could be the result of non-optimal XDC constraints or non-optimal design architecture
Related violations: <none>

TIMING-16#73 Warning
Large setup violation  
There is a large setup violation of -38.506 ns between your_instance_name/U0/stn_16bit_struct/subsystem/subsystem/shift1/op_mem_46_20_reg[0][15]/C (clocked by CLK) and your_instance_name/U0/stn_16bit_struct/subsystem/subsystem/cordic_6_0/stn_16bit_cordic_v6_0_i0_instance/U0/i_synth/i_synth/gen_cordic.output_stage/gen_rotation.gen_rotate.gen_data_x_addsub/m_axis_dout_tdata[31]_INST_0_psdsp/D (clocked by CLK). Large setup violations at the end of those stages might be difficult to fix during the post-placement implementation flow and could be the result of non-optimal XDC constraints or non-optimal design architecture
Related violations: <none>

TIMING-16#74 Warning
Large setup violation  
There is a large setup violation of -38.528 ns between your_instance_name/U0/stn_16bit_struct/subsystem/subsystem/shift1/op_mem_46_20_reg[0][15]/C (clocked by CLK) and your_instance_name/U0/stn_16bit_struct/subsystem/subsystem/cordic_6_0/stn_16bit_cordic_v6_0_i0_instance/U0/i_synth/i_synth/gen_cordic.output_stage/gen_rotation.gen_rotate.gen_data_x_addsub/m_axis_dout_tdata[28]_INST_0_psdsp/D (clocked by CLK). Large setup violations at the end of those stages might be difficult to fix during the post-placement implementation flow and could be the result of non-optimal XDC constraints or non-optimal design architecture
Related violations: <none>

TIMING-16#75 Warning
Large setup violation  
There is a large setup violation of -38.533 ns between your_instance_name/U0/stn_16bit_struct/subsystem/subsystem1/shift1/op_mem_46_20_reg[0][15]_replica_4/C (clocked by CLK) and your_instance_name/U0/stn_16bit_struct/subsystem/subsystem1/cordic_6_0/stn_16bit_cordic_v6_0_i0_instance/U0/i_synth/i_synth/gen_cordic.output_stage/gen_rotation.gen_rotate.gen_data_x_addsub/m_axis_dout_tdata[18]_INST_0_psdsp/D (clocked by CLK). Large setup violations at the end of those stages might be difficult to fix during the post-placement implementation flow and could be the result of non-optimal XDC constraints or non-optimal design architecture
Related violations: <none>

TIMING-16#76 Warning
Large setup violation  
There is a large setup violation of -38.535 ns between your_instance_name/U0/stn_16bit_struct/subsystem/subsystem/shift1/op_mem_46_20_reg[0][15]/C (clocked by CLK) and your_instance_name/U0/stn_16bit_struct/subsystem/subsystem/cordic_6_0/stn_16bit_cordic_v6_0_i0_instance/U0/i_synth/i_synth/gen_cordic.output_stage/gen_rotation.gen_rotate.gen_data_y_addsub/m_axis_dout_tdata[10]_INST_0_psdsp/D (clocked by CLK). Large setup violations at the end of those stages might be difficult to fix during the post-placement implementation flow and could be the result of non-optimal XDC constraints or non-optimal design architecture
Related violations: <none>

TIMING-16#77 Warning
Large setup violation  
There is a large setup violation of -38.554 ns between your_instance_name/U0/stn_16bit_struct/subsystem/subsystem1/shift1/op_mem_46_20_reg[0][15]_replica_4/C (clocked by CLK) and your_instance_name/U0/stn_16bit_struct/subsystem/subsystem1/cordic_6_0/stn_16bit_cordic_v6_0_i0_instance/U0/i_synth/i_synth/gen_cordic.output_stage/gen_rotation.gen_rotate.gen_data_x_addsub/m_axis_dout_tdata[20]_INST_0_psdsp/D (clocked by CLK). Large setup violations at the end of those stages might be difficult to fix during the post-placement implementation flow and could be the result of non-optimal XDC constraints or non-optimal design architecture
Related violations: <none>

TIMING-16#78 Warning
Large setup violation  
There is a large setup violation of -38.573 ns between your_instance_name/U0/stn_16bit_struct/subsystem/subsystem1/shift1/op_mem_46_20_reg[0][15]_replica_4/C (clocked by CLK) and your_instance_name/U0/stn_16bit_struct/subsystem/subsystem1/cordic_6_0/stn_16bit_cordic_v6_0_i0_instance/U0/i_synth/i_synth/gen_cordic.output_stage/gen_rotation.gen_rotate.gen_data_x_addsub/m_axis_dout_tdata[16]_INST_0_psdsp/D (clocked by CLK). Large setup violations at the end of those stages might be difficult to fix during the post-placement implementation flow and could be the result of non-optimal XDC constraints or non-optimal design architecture
Related violations: <none>

TIMING-16#79 Warning
Large setup violation  
There is a large setup violation of -38.579 ns between your_instance_name/U0/stn_16bit_struct/subsystem/subsystem/shift1/op_mem_46_20_reg[0][15]/C (clocked by CLK) and your_instance_name/U0/stn_16bit_struct/subsystem/subsystem/cordic_6_0/stn_16bit_cordic_v6_0_i0_instance/U0/i_synth/i_synth/gen_cordic.output_stage/gen_rotation.gen_rotate.gen_data_x_addsub/m_axis_dout_tdata[25]_INST_0_psdsp/D (clocked by CLK). Large setup violations at the end of those stages might be difficult to fix during the post-placement implementation flow and could be the result of non-optimal XDC constraints or non-optimal design architecture
Related violations: <none>

TIMING-16#80 Warning
Large setup violation  
There is a large setup violation of -38.587 ns between your_instance_name/U0/stn_16bit_struct/subsystem/subsystem1/shift1/op_mem_46_20_reg[0][15]_replica_4/C (clocked by CLK) and your_instance_name/U0/stn_16bit_struct/subsystem/subsystem1/cordic_6_0/stn_16bit_cordic_v6_0_i0_instance/U0/i_synth/i_synth/gen_cordic.output_stage/gen_rotation.gen_rotate.gen_data_y_addsub/m_axis_dout_tdata[5]_INST_0_psdsp/D (clocked by CLK). Large setup violations at the end of those stages might be difficult to fix during the post-placement implementation flow and could be the result of non-optimal XDC constraints or non-optimal design architecture
Related violations: <none>

TIMING-16#81 Warning
Large setup violation  
There is a large setup violation of -38.588 ns between your_instance_name/U0/stn_16bit_struct/subsystem/subsystem/shift1/op_mem_46_20_reg[0][15]/C (clocked by CLK) and your_instance_name/U0/stn_16bit_struct/subsystem/subsystem/cordic_6_0/stn_16bit_cordic_v6_0_i0_instance/U0/i_synth/i_synth/gen_cordic.output_stage/gen_rotation.gen_rotate.gen_data_y_addsub/m_axis_dout_tdata[13]_INST_0_psdsp/D (clocked by CLK). Large setup violations at the end of those stages might be difficult to fix during the post-placement implementation flow and could be the result of non-optimal XDC constraints or non-optimal design architecture
Related violations: <none>

TIMING-16#82 Warning
Large setup violation  
There is a large setup violation of -38.588 ns between your_instance_name/U0/stn_16bit_struct/subsystem/subsystem/shift1/op_mem_46_20_reg[0][15]/C (clocked by CLK) and your_instance_name/U0/stn_16bit_struct/subsystem/subsystem/cordic_6_0/stn_16bit_cordic_v6_0_i0_instance/U0/i_synth/i_synth/gen_cordic.output_stage/gen_rotation.gen_rotate.gen_data_y_addsub/m_axis_dout_tdata[15]_INST_0_psdsp/D (clocked by CLK). Large setup violations at the end of those stages might be difficult to fix during the post-placement implementation flow and could be the result of non-optimal XDC constraints or non-optimal design architecture
Related violations: <none>

TIMING-16#83 Warning
Large setup violation  
There is a large setup violation of -38.593 ns between your_instance_name/U0/stn_16bit_struct/subsystem/subsystem1/shift1/op_mem_46_20_reg[0][15]_replica_4/C (clocked by CLK) and your_instance_name/U0/stn_16bit_struct/subsystem/subsystem1/cordic_6_0/stn_16bit_cordic_v6_0_i0_instance/U0/i_synth/i_synth/gen_cordic.output_stage/gen_rotation.gen_rotate.gen_data_x_addsub/m_axis_dout_tdata[19]_INST_0_psdsp/D (clocked by CLK). Large setup violations at the end of those stages might be difficult to fix during the post-placement implementation flow and could be the result of non-optimal XDC constraints or non-optimal design architecture
Related violations: <none>

TIMING-16#84 Warning
Large setup violation  
There is a large setup violation of -38.609 ns between your_instance_name/U0/stn_16bit_struct/subsystem/subsystem/shift1/op_mem_46_20_reg[0][15]/C (clocked by CLK) and your_instance_name/U0/stn_16bit_struct/subsystem/subsystem/cordic_6_0/stn_16bit_cordic_v6_0_i0_instance/U0/i_synth/i_synth/gen_cordic.output_stage/gen_rotation.gen_rotate.gen_data_x_addsub/m_axis_dout_tdata[30]_INST_0_psdsp/D (clocked by CLK). Large setup violations at the end of those stages might be difficult to fix during the post-placement implementation flow and could be the result of non-optimal XDC constraints or non-optimal design architecture
Related violations: <none>

TIMING-16#85 Warning
Large setup violation  
There is a large setup violation of -38.668 ns between your_instance_name/U0/stn_16bit_struct/subsystem/subsystem1/shift1/op_mem_46_20_reg[0][15]_replica_4/C (clocked by CLK) and your_instance_name/U0/stn_16bit_struct/subsystem/subsystem1/cordic_6_0/stn_16bit_cordic_v6_0_i0_instance/U0/i_synth/i_synth/gen_cordic.output_stage/gen_rotation.gen_rotate.gen_data_x_addsub/m_axis_dout_tdata[24]_INST_0_psdsp/D (clocked by CLK). Large setup violations at the end of those stages might be difficult to fix during the post-placement implementation flow and could be the result of non-optimal XDC constraints or non-optimal design architecture
Related violations: <none>

TIMING-16#86 Warning
Large setup violation  
There is a large setup violation of -38.692 ns between your_instance_name/U0/stn_16bit_struct/subsystem/subsystem1/shift1/op_mem_46_20_reg[0][15]_replica_4/C (clocked by CLK) and your_instance_name/U0/stn_16bit_struct/subsystem/subsystem1/cordic_6_0/stn_16bit_cordic_v6_0_i0_instance/U0/i_synth/i_synth/gen_cordic.output_stage/gen_rotation.gen_rotate.gen_data_y_addsub/m_axis_dout_tdata[7]_INST_0_psdsp/D (clocked by CLK). Large setup violations at the end of those stages might be difficult to fix during the post-placement implementation flow and could be the result of non-optimal XDC constraints or non-optimal design architecture
Related violations: <none>

TIMING-16#87 Warning
Large setup violation  
There is a large setup violation of -38.695 ns between your_instance_name/U0/stn_16bit_struct/subsystem/subsystem1/shift1/op_mem_46_20_reg[0][15]_replica_4/C (clocked by CLK) and your_instance_name/U0/stn_16bit_struct/subsystem/subsystem1/cordic_6_0/stn_16bit_cordic_v6_0_i0_instance/U0/i_synth/i_synth/gen_cordic.output_stage/gen_rotation.gen_rotate.gen_data_x_addsub/m_axis_dout_tdata[26]_INST_0_psdsp/D (clocked by CLK). Large setup violations at the end of those stages might be difficult to fix during the post-placement implementation flow and could be the result of non-optimal XDC constraints or non-optimal design architecture
Related violations: <none>

TIMING-16#88 Warning
Large setup violation  
There is a large setup violation of -38.749 ns between your_instance_name/U0/stn_16bit_struct/subsystem/subsystem/shift1/op_mem_46_20_reg[0][15]/C (clocked by CLK) and your_instance_name/U0/stn_16bit_struct/subsystem/subsystem/cordic_6_0/stn_16bit_cordic_v6_0_i0_instance/U0/i_synth/i_synth/gen_cordic.output_stage/gen_rotation.gen_rotate.gen_data_x_addsub/m_axis_dout_tdata[26]_INST_0_psdsp/D (clocked by CLK). Large setup violations at the end of those stages might be difficult to fix during the post-placement implementation flow and could be the result of non-optimal XDC constraints or non-optimal design architecture
Related violations: <none>

TIMING-16#89 Warning
Large setup violation  
There is a large setup violation of -38.749 ns between your_instance_name/U0/stn_16bit_struct/subsystem/subsystem/shift1/op_mem_46_20_reg[0][15]/C (clocked by CLK) and your_instance_name/U0/stn_16bit_struct/subsystem/subsystem/cordic_6_0/stn_16bit_cordic_v6_0_i0_instance/U0/i_synth/i_synth/gen_cordic.output_stage/gen_rotation.gen_rotate.gen_data_y_addsub/m_axis_dout_tdata[7]_INST_0_psdsp/D (clocked by CLK). Large setup violations at the end of those stages might be difficult to fix during the post-placement implementation flow and could be the result of non-optimal XDC constraints or non-optimal design architecture
Related violations: <none>

TIMING-16#90 Warning
Large setup violation  
There is a large setup violation of -38.772 ns between your_instance_name/U0/stn_16bit_struct/subsystem/subsystem/shift1/op_mem_46_20_reg[0][15]/C (clocked by CLK) and your_instance_name/U0/stn_16bit_struct/subsystem/subsystem/cordic_6_0/stn_16bit_cordic_v6_0_i0_instance/U0/i_synth/i_synth/gen_cordic.output_stage/gen_rotation.gen_rotate.gen_data_x_addsub/m_axis_dout_tdata[22]_INST_0_psdsp/D (clocked by CLK). Large setup violations at the end of those stages might be difficult to fix during the post-placement implementation flow and could be the result of non-optimal XDC constraints or non-optimal design architecture
Related violations: <none>

TIMING-16#91 Warning
Large setup violation  
There is a large setup violation of -38.774 ns between your_instance_name/U0/stn_16bit_struct/subsystem/subsystem1/shift1/op_mem_46_20_reg[0][15]_replica_4/C (clocked by CLK) and your_instance_name/U0/stn_16bit_struct/subsystem/subsystem1/cordic_6_0/stn_16bit_cordic_v6_0_i0_instance/U0/i_synth/i_synth/gen_cordic.output_stage/gen_rotation.gen_rotate.gen_data_x_addsub/m_axis_dout_tdata[25]_INST_0_psdsp/D (clocked by CLK). Large setup violations at the end of those stages might be difficult to fix during the post-placement implementation flow and could be the result of non-optimal XDC constraints or non-optimal design architecture
Related violations: <none>

TIMING-16#92 Warning
Large setup violation  
There is a large setup violation of -38.776 ns between your_instance_name/U0/stn_16bit_struct/subsystem/subsystem/shift1/op_mem_46_20_reg[0][15]/C (clocked by CLK) and your_instance_name/U0/stn_16bit_struct/subsystem/subsystem/cordic_6_0/stn_16bit_cordic_v6_0_i0_instance/U0/i_synth/i_synth/gen_cordic.output_stage/gen_rotation.gen_rotate.gen_data_y_addsub/m_axis_dout_tdata[5]_INST_0_psdsp/D (clocked by CLK). Large setup violations at the end of those stages might be difficult to fix during the post-placement implementation flow and could be the result of non-optimal XDC constraints or non-optimal design architecture
Related violations: <none>

TIMING-16#93 Warning
Large setup violation  
There is a large setup violation of -38.780 ns between your_instance_name/U0/stn_16bit_struct/subsystem/subsystem1/shift1/op_mem_46_20_reg[0][15]_replica_4/C (clocked by CLK) and your_instance_name/U0/stn_16bit_struct/subsystem/subsystem1/cordic_6_0/stn_16bit_cordic_v6_0_i0_instance/U0/i_synth/i_synth/gen_cordic.output_stage/gen_rotation.gen_rotate.gen_data_x_addsub/m_axis_dout_tdata[28]_INST_0_psdsp/D (clocked by CLK). Large setup violations at the end of those stages might be difficult to fix during the post-placement implementation flow and could be the result of non-optimal XDC constraints or non-optimal design architecture
Related violations: <none>

TIMING-16#94 Warning
Large setup violation  
There is a large setup violation of -38.796 ns between your_instance_name/U0/stn_16bit_struct/subsystem/subsystem1/shift1/op_mem_46_20_reg[0][15]_replica_4/C (clocked by CLK) and your_instance_name/U0/stn_16bit_struct/subsystem/subsystem1/cordic_6_0/stn_16bit_cordic_v6_0_i0_instance/U0/i_synth/i_synth/gen_cordic.output_stage/gen_rotation.gen_rotate.gen_data_y_addsub/m_axis_dout_tdata[3]_INST_0_psdsp/D (clocked by CLK). Large setup violations at the end of those stages might be difficult to fix during the post-placement implementation flow and could be the result of non-optimal XDC constraints or non-optimal design architecture
Related violations: <none>

TIMING-16#95 Warning
Large setup violation  
There is a large setup violation of -38.809 ns between your_instance_name/U0/stn_16bit_struct/subsystem/subsystem/shift1/op_mem_46_20_reg[0][15]/C (clocked by CLK) and your_instance_name/U0/stn_16bit_struct/subsystem/subsystem/cordic_6_0/stn_16bit_cordic_v6_0_i0_instance/U0/i_synth/i_synth/gen_cordic.output_stage/gen_rotation.gen_rotate.gen_data_x_addsub/m_axis_dout_tdata[19]_INST_0_psdsp/D (clocked by CLK). Large setup violations at the end of those stages might be difficult to fix during the post-placement implementation flow and could be the result of non-optimal XDC constraints or non-optimal design architecture
Related violations: <none>

TIMING-16#96 Warning
Large setup violation  
There is a large setup violation of -38.816 ns between your_instance_name/U0/stn_16bit_struct/subsystem/subsystem1/shift1/op_mem_46_20_reg[0][15]_replica_4/C (clocked by CLK) and your_instance_name/U0/stn_16bit_struct/subsystem/subsystem1/cordic_6_0/stn_16bit_cordic_v6_0_i0_instance/U0/i_synth/i_synth/gen_cordic.output_stage/gen_rotation.gen_rotate.gen_data_x_addsub/m_axis_dout_tdata[23]_INST_0_psdsp/D (clocked by CLK). Large setup violations at the end of those stages might be difficult to fix during the post-placement implementation flow and could be the result of non-optimal XDC constraints or non-optimal design architecture
Related violations: <none>

TIMING-16#97 Warning
Large setup violation  
There is a large setup violation of -38.835 ns between your_instance_name/U0/stn_16bit_struct/subsystem/subsystem/shift1/op_mem_46_20_reg[0][15]/C (clocked by CLK) and your_instance_name/U0/stn_16bit_struct/subsystem/subsystem/cordic_6_0/stn_16bit_cordic_v6_0_i0_instance/U0/i_synth/i_synth/gen_cordic.output_stage/gen_rotation.gen_rotate.gen_data_x_addsub/m_axis_dout_tdata[29]_INST_0_psdsp/D (clocked by CLK). Large setup violations at the end of those stages might be difficult to fix during the post-placement implementation flow and could be the result of non-optimal XDC constraints or non-optimal design architecture
Related violations: <none>

TIMING-16#98 Warning
Large setup violation  
There is a large setup violation of -38.842 ns between your_instance_name/U0/stn_16bit_struct/subsystem/subsystem/shift1/op_mem_46_20_reg[0][15]/C (clocked by CLK) and your_instance_name/U0/stn_16bit_struct/subsystem/subsystem/cordic_6_0/stn_16bit_cordic_v6_0_i0_instance/U0/i_synth/i_synth/gen_cordic.output_stage/gen_rotation.gen_rotate.gen_data_y_addsub/m_axis_dout_tdata[3]_INST_0_psdsp/D (clocked by CLK). Large setup violations at the end of those stages might be difficult to fix during the post-placement implementation flow and could be the result of non-optimal XDC constraints or non-optimal design architecture
Related violations: <none>

TIMING-16#99 Warning
Large setup violation  
There is a large setup violation of -38.847 ns between your_instance_name/U0/stn_16bit_struct/subsystem/subsystem1/shift1/op_mem_46_20_reg[0][15]_replica_4/C (clocked by CLK) and your_instance_name/U0/stn_16bit_struct/subsystem/subsystem1/cordic_6_0/stn_16bit_cordic_v6_0_i0_instance/U0/i_synth/i_synth/gen_cordic.output_stage/gen_rotation.gen_rotate.gen_data_x_addsub/m_axis_dout_tdata[30]_INST_0_psdsp/D (clocked by CLK). Large setup violations at the end of those stages might be difficult to fix during the post-placement implementation flow and could be the result of non-optimal XDC constraints or non-optimal design architecture
Related violations: <none>

TIMING-16#100 Warning
Large setup violation  
There is a large setup violation of -38.861 ns between your_instance_name/U0/stn_16bit_struct/subsystem/subsystem1/shift1/op_mem_46_20_reg[0][15]_replica_4/C (clocked by CLK) and your_instance_name/U0/stn_16bit_struct/subsystem/subsystem1/cordic_6_0/stn_16bit_cordic_v6_0_i0_instance/U0/i_synth/i_synth/gen_cordic.output_stage/gen_rotation.gen_rotate.gen_data_y_addsub/m_axis_dout_tdata[12]_INST_0_psdsp/D (clocked by CLK). Large setup violations at the end of those stages might be difficult to fix during the post-placement implementation flow and could be the result of non-optimal XDC constraints or non-optimal design architecture
Related violations: <none>

TIMING-16#101 Warning
Large setup violation  
There is a large setup violation of -38.888 ns between your_instance_name/U0/stn_16bit_struct/subsystem/subsystem1/shift1/op_mem_46_20_reg[0][15]_replica_4/C (clocked by CLK) and your_instance_name/U0/stn_16bit_struct/subsystem/subsystem1/cordic_6_0/stn_16bit_cordic_v6_0_i0_instance/U0/i_synth/i_synth/gen_cordic.output_stage/gen_rotation.gen_rotate.gen_data_y_addsub/m_axis_dout_tdata[14]_INST_0_psdsp/D (clocked by CLK). Large setup violations at the end of those stages might be difficult to fix during the post-placement implementation flow and could be the result of non-optimal XDC constraints or non-optimal design architecture
Related violations: <none>

TIMING-16#102 Warning
Large setup violation  
There is a large setup violation of -38.900 ns between your_instance_name/U0/stn_16bit_struct/subsystem/subsystem1/shift1/op_mem_46_20_reg[0][15]_replica_4/C (clocked by CLK) and your_instance_name/U0/stn_16bit_struct/subsystem/subsystem1/cordic_6_0/stn_16bit_cordic_v6_0_i0_instance/U0/i_synth/i_synth/gen_cordic.output_stage/gen_rotation.gen_rotate.gen_data_x_addsub/m_axis_dout_tdata[22]_INST_0_psdsp/D (clocked by CLK). Large setup violations at the end of those stages might be difficult to fix during the post-placement implementation flow and could be the result of non-optimal XDC constraints or non-optimal design architecture
Related violations: <none>

TIMING-16#103 Warning
Large setup violation  
There is a large setup violation of -38.913 ns between your_instance_name/U0/stn_16bit_struct/subsystem/subsystem1/shift1/op_mem_46_20_reg[0][15]_replica_4/C (clocked by CLK) and your_instance_name/U0/stn_16bit_struct/subsystem/subsystem1/cordic_6_0/stn_16bit_cordic_v6_0_i0_instance/U0/i_synth/i_synth/gen_cordic.output_stage/gen_rotation.gen_rotate.gen_data_x_addsub/m_axis_dout_tdata[31]_INST_0_psdsp/D (clocked by CLK). Large setup violations at the end of those stages might be difficult to fix during the post-placement implementation flow and could be the result of non-optimal XDC constraints or non-optimal design architecture
Related violations: <none>

TIMING-16#104 Warning
Large setup violation  
There is a large setup violation of -38.919 ns between your_instance_name/U0/stn_16bit_struct/subsystem/subsystem/shift1/op_mem_46_20_reg[0][15]/C (clocked by CLK) and your_instance_name/U0/stn_16bit_struct/subsystem/subsystem/cordic_6_0/stn_16bit_cordic_v6_0_i0_instance/U0/i_synth/i_synth/gen_cordic.output_stage/gen_rotation.gen_rotate.gen_data_y_addsub/m_axis_dout_tdata[12]_INST_0_psdsp/D (clocked by CLK). Large setup violations at the end of those stages might be difficult to fix during the post-placement implementation flow and could be the result of non-optimal XDC constraints or non-optimal design architecture
Related violations: <none>

TIMING-16#105 Warning
Large setup violation  
There is a large setup violation of -38.928 ns between your_instance_name/U0/stn_16bit_struct/subsystem/subsystem1/shift1/op_mem_46_20_reg[0][15]_replica_4/C (clocked by CLK) and your_instance_name/U0/stn_16bit_struct/subsystem/subsystem1/cordic_6_0/stn_16bit_cordic_v6_0_i0_instance/U0/i_synth/i_synth/gen_cordic.output_stage/gen_rotation.gen_rotate.gen_data_x_addsub/m_axis_dout_tdata[17]_INST_0_psdsp/D (clocked by CLK). Large setup violations at the end of those stages might be difficult to fix during the post-placement implementation flow and could be the result of non-optimal XDC constraints or non-optimal design architecture
Related violations: <none>

TIMING-16#106 Warning
Large setup violation  
There is a large setup violation of -38.930 ns between your_instance_name/U0/stn_16bit_struct/subsystem/subsystem1/shift1/op_mem_46_20_reg[0][15]_replica_4/C (clocked by CLK) and your_instance_name/U0/stn_16bit_struct/subsystem/subsystem1/cordic_6_0/stn_16bit_cordic_v6_0_i0_instance/U0/i_synth/i_synth/gen_cordic.output_stage/gen_rotation.gen_rotate.gen_data_x_addsub/m_axis_dout_tdata[27]_INST_0_psdsp/D (clocked by CLK). Large setup violations at the end of those stages might be difficult to fix during the post-placement implementation flow and could be the result of non-optimal XDC constraints or non-optimal design architecture
Related violations: <none>

TIMING-16#107 Warning
Large setup violation  
There is a large setup violation of -38.947 ns between your_instance_name/U0/stn_16bit_struct/subsystem/subsystem1/shift1/op_mem_46_20_reg[0][15]_replica_4/C (clocked by CLK) and your_instance_name/U0/stn_16bit_struct/subsystem/subsystem1/cordic_6_0/stn_16bit_cordic_v6_0_i0_instance/U0/i_synth/i_synth/gen_cordic.output_stage/gen_rotation.gen_rotate.gen_data_x_addsub/m_axis_dout_tdata[29]_INST_0_psdsp/D (clocked by CLK). Large setup violations at the end of those stages might be difficult to fix during the post-placement implementation flow and could be the result of non-optimal XDC constraints or non-optimal design architecture
Related violations: <none>

TIMING-16#108 Warning
Large setup violation  
There is a large setup violation of -38.999 ns between your_instance_name/U0/stn_16bit_struct/subsystem/subsystem/shift1/op_mem_46_20_reg[0][15]/C (clocked by CLK) and your_instance_name/U0/stn_16bit_struct/subsystem/subsystem/cordic_6_0/stn_16bit_cordic_v6_0_i0_instance/U0/i_synth/i_synth/gen_cordic.output_stage/gen_rotation.gen_rotate.gen_data_y_addsub/m_axis_dout_tdata[14]_INST_0_psdsp/D (clocked by CLK). Large setup violations at the end of those stages might be difficult to fix during the post-placement implementation flow and could be the result of non-optimal XDC constraints or non-optimal design architecture
Related violations: <none>

TIMING-16#109 Warning
Large setup violation  
There is a large setup violation of -39.015 ns between your_instance_name/U0/stn_16bit_struct/subsystem/subsystem1/shift1/op_mem_46_20_reg[0][15]_replica_4/C (clocked by CLK) and your_instance_name/U0/stn_16bit_struct/subsystem/subsystem1/cordic_6_0/stn_16bit_cordic_v6_0_i0_instance/U0/i_synth/i_synth/gen_cordic.output_stage/gen_rotation.gen_rotate.gen_data_y_addsub/m_axis_dout_tdata[10]_INST_0_psdsp/D (clocked by CLK). Large setup violations at the end of those stages might be difficult to fix during the post-placement implementation flow and could be the result of non-optimal XDC constraints or non-optimal design architecture
Related violations: <none>

TIMING-16#110 Warning
Large setup violation  
There is a large setup violation of -39.028 ns between your_instance_name/U0/stn_16bit_struct/subsystem/subsystem1/shift1/op_mem_46_20_reg[0][15]_replica_4/C (clocked by CLK) and your_instance_name/U0/stn_16bit_struct/subsystem/subsystem1/cordic_6_0/stn_16bit_cordic_v6_0_i0_instance/U0/i_synth/i_synth/gen_cordic.output_stage/gen_rotation.gen_rotate.gen_data_y_addsub/m_axis_dout_tdata[6]_INST_0_psdsp/D (clocked by CLK). Large setup violations at the end of those stages might be difficult to fix during the post-placement implementation flow and could be the result of non-optimal XDC constraints or non-optimal design architecture
Related violations: <none>

TIMING-16#111 Warning
Large setup violation  
There is a large setup violation of -39.068 ns between your_instance_name/U0/stn_16bit_struct/subsystem/subsystem/shift1/op_mem_46_20_reg[0][15]/C (clocked by CLK) and your_instance_name/U0/stn_16bit_struct/subsystem/subsystem/cordic_6_0/stn_16bit_cordic_v6_0_i0_instance/U0/i_synth/i_synth/gen_cordic.output_stage/gen_rotation.gen_rotate.gen_data_x_addsub/m_axis_dout_tdata[21]_INST_0_psdsp/D (clocked by CLK). Large setup violations at the end of those stages might be difficult to fix during the post-placement implementation flow and could be the result of non-optimal XDC constraints or non-optimal design architecture
Related violations: <none>

TIMING-16#112 Warning
Large setup violation  
There is a large setup violation of -39.082 ns between your_instance_name/U0/stn_16bit_struct/subsystem/subsystem1/shift1/op_mem_46_20_reg[0][15]_replica_4/C (clocked by CLK) and your_instance_name/U0/stn_16bit_struct/subsystem/subsystem1/cordic_6_0/stn_16bit_cordic_v6_0_i0_instance/U0/i_synth/i_synth/gen_cordic.output_stage/gen_rotation.gen_rotate.gen_data_y_addsub/m_axis_dout_tdata[8]_INST_0_psdsp/D (clocked by CLK). Large setup violations at the end of those stages might be difficult to fix during the post-placement implementation flow and could be the result of non-optimal XDC constraints or non-optimal design architecture
Related violations: <none>

TIMING-16#113 Warning
Large setup violation  
There is a large setup violation of -39.108 ns between your_instance_name/U0/stn_16bit_struct/subsystem/subsystem1/shift1/op_mem_46_20_reg[0][15]_replica_4/C (clocked by CLK) and your_instance_name/U0/stn_16bit_struct/subsystem/subsystem1/cordic_6_0/stn_16bit_cordic_v6_0_i0_instance/U0/i_synth/i_synth/gen_cordic.output_stage/gen_rotation.gen_rotate.gen_data_x_addsub/m_axis_dout_tdata[21]_INST_0_psdsp/D (clocked by CLK). Large setup violations at the end of those stages might be difficult to fix during the post-placement implementation flow and could be the result of non-optimal XDC constraints or non-optimal design architecture
Related violations: <none>

TIMING-16#114 Warning
Large setup violation  
There is a large setup violation of -39.110 ns between your_instance_name/U0/stn_16bit_struct/subsystem/subsystem/shift1/op_mem_46_20_reg[0][15]/C (clocked by CLK) and your_instance_name/U0/stn_16bit_struct/subsystem/subsystem/cordic_6_0/stn_16bit_cordic_v6_0_i0_instance/U0/i_synth/i_synth/gen_cordic.output_stage/gen_rotation.gen_rotate.gen_data_y_addsub/m_axis_dout_tdata[2]_INST_0_psdsp/D (clocked by CLK). Large setup violations at the end of those stages might be difficult to fix during the post-placement implementation flow and could be the result of non-optimal XDC constraints or non-optimal design architecture
Related violations: <none>

TIMING-16#115 Warning
Large setup violation  
There is a large setup violation of -39.235 ns between your_instance_name/U0/stn_16bit_struct/subsystem/subsystem1/shift1/op_mem_46_20_reg[0][15]_replica_4/C (clocked by CLK) and your_instance_name/U0/stn_16bit_struct/subsystem/subsystem1/cordic_6_0/stn_16bit_cordic_v6_0_i0_instance/U0/i_synth/i_synth/gen_cordic.output_stage/gen_rotation.gen_rotate.gen_data_y_addsub/m_axis_dout_tdata[11]_INST_0_psdsp/D (clocked by CLK). Large setup violations at the end of those stages might be difficult to fix during the post-placement implementation flow and could be the result of non-optimal XDC constraints or non-optimal design architecture
Related violations: <none>

TIMING-16#116 Warning
Large setup violation  
There is a large setup violation of -39.249 ns between your_instance_name/U0/stn_16bit_struct/subsystem/subsystem1/shift1/op_mem_46_20_reg[0][15]_replica_4/C (clocked by CLK) and your_instance_name/U0/stn_16bit_struct/subsystem/subsystem1/cordic_6_0/stn_16bit_cordic_v6_0_i0_instance/U0/i_synth/i_synth/gen_cordic.output_stage/gen_rotation.gen_rotate.gen_data_y_addsub/m_axis_dout_tdata[13]_INST_0_psdsp/D (clocked by CLK). Large setup violations at the end of those stages might be difficult to fix during the post-placement implementation flow and could be the result of non-optimal XDC constraints or non-optimal design architecture
Related violations: <none>

TIMING-16#117 Warning
Large setup violation  
There is a large setup violation of -39.277 ns between your_instance_name/U0/stn_16bit_struct/subsystem/subsystem1/shift1/op_mem_46_20_reg[0][15]_replica_4/C (clocked by CLK) and your_instance_name/U0/stn_16bit_struct/subsystem/subsystem1/cordic_6_0/stn_16bit_cordic_v6_0_i0_instance/U0/i_synth/i_synth/gen_cordic.output_stage/gen_rotation.gen_rotate.gen_data_y_addsub/m_axis_dout_tdata[15]_INST_0_psdsp/D (clocked by CLK). Large setup violations at the end of those stages might be difficult to fix during the post-placement implementation flow and could be the result of non-optimal XDC constraints or non-optimal design architecture
Related violations: <none>

TIMING-16#118 Warning
Large setup violation  
There is a large setup violation of -39.292 ns between your_instance_name/U0/stn_16bit_struct/subsystem/subsystem1/shift1/op_mem_46_20_reg[0][15]_replica_4/C (clocked by CLK) and your_instance_name/U0/stn_16bit_struct/subsystem/subsystem1/cordic_6_0/stn_16bit_cordic_v6_0_i0_instance/U0/i_synth/i_synth/gen_cordic.output_stage/gen_rotation.gen_rotate.gen_data_y_addsub/m_axis_dout_tdata[9]_INST_0_psdsp/D (clocked by CLK). Large setup violations at the end of those stages might be difficult to fix during the post-placement implementation flow and could be the result of non-optimal XDC constraints or non-optimal design architecture
Related violations: <none>

TIMING-18#1 Warning
Missing input or output delay  
An input delay is missing on input_t[0] relative to clock(s) CLK
Related violations: <none>

TIMING-18#2 Warning
Missing input or output delay  
An input delay is missing on input_t[10] relative to clock(s) CLK
Related violations: <none>

TIMING-18#3 Warning
Missing input or output delay  
An input delay is missing on input_t[11] relative to clock(s) CLK
Related violations: <none>

TIMING-18#4 Warning
Missing input or output delay  
An input delay is missing on input_t[12] relative to clock(s) CLK
Related violations: <none>

TIMING-18#5 Warning
Missing input or output delay  
An input delay is missing on input_t[13] relative to clock(s) CLK
Related violations: <none>

TIMING-18#6 Warning
Missing input or output delay  
An input delay is missing on input_t[14] relative to clock(s) CLK
Related violations: <none>

TIMING-18#7 Warning
Missing input or output delay  
An input delay is missing on input_t[15] relative to clock(s) CLK
Related violations: <none>

TIMING-18#8 Warning
Missing input or output delay  
An input delay is missing on input_t[1] relative to clock(s) CLK
Related violations: <none>

TIMING-18#9 Warning
Missing input or output delay  
An input delay is missing on input_t[2] relative to clock(s) CLK
Related violations: <none>

TIMING-18#10 Warning
Missing input or output delay  
An input delay is missing on input_t[3] relative to clock(s) CLK
Related violations: <none>

TIMING-18#11 Warning
Missing input or output delay  
An input delay is missing on input_t[4] relative to clock(s) CLK
Related violations: <none>

TIMING-18#12 Warning
Missing input or output delay  
An input delay is missing on input_t[5] relative to clock(s) CLK
Related violations: <none>

TIMING-18#13 Warning
Missing input or output delay  
An input delay is missing on input_t[6] relative to clock(s) CLK
Related violations: <none>

TIMING-18#14 Warning
Missing input or output delay  
An input delay is missing on input_t[7] relative to clock(s) CLK
Related violations: <none>

TIMING-18#15 Warning
Missing input or output delay  
An input delay is missing on input_t[8] relative to clock(s) CLK
Related violations: <none>

TIMING-18#16 Warning
Missing input or output delay  
An input delay is missing on input_t[9] relative to clock(s) CLK
Related violations: <none>

TIMING-18#17 Warning
Missing input or output delay  
An output delay is missing on out_imag[0] relative to clock(s) CLK
Related violations: <none>

TIMING-18#18 Warning
Missing input or output delay  
An output delay is missing on out_imag[10] relative to clock(s) CLK
Related violations: <none>

TIMING-18#19 Warning
Missing input or output delay  
An output delay is missing on out_imag[11] relative to clock(s) CLK
Related violations: <none>

TIMING-18#20 Warning
Missing input or output delay  
An output delay is missing on out_imag[12] relative to clock(s) CLK
Related violations: <none>

TIMING-18#21 Warning
Missing input or output delay  
An output delay is missing on out_imag[13] relative to clock(s) CLK
Related violations: <none>

TIMING-18#22 Warning
Missing input or output delay  
An output delay is missing on out_imag[14] relative to clock(s) CLK
Related violations: <none>

TIMING-18#23 Warning
Missing input or output delay  
An output delay is missing on out_imag[15] relative to clock(s) CLK
Related violations: <none>

TIMING-18#24 Warning
Missing input or output delay  
An output delay is missing on out_imag[1] relative to clock(s) CLK
Related violations: <none>

TIMING-18#25 Warning
Missing input or output delay  
An output delay is missing on out_imag[2] relative to clock(s) CLK
Related violations: <none>

TIMING-18#26 Warning
Missing input or output delay  
An output delay is missing on out_imag[3] relative to clock(s) CLK
Related violations: <none>

TIMING-18#27 Warning
Missing input or output delay  
An output delay is missing on out_imag[4] relative to clock(s) CLK
Related violations: <none>

TIMING-18#28 Warning
Missing input or output delay  
An output delay is missing on out_imag[5] relative to clock(s) CLK
Related violations: <none>

TIMING-18#29 Warning
Missing input or output delay  
An output delay is missing on out_imag[6] relative to clock(s) CLK
Related violations: <none>

TIMING-18#30 Warning
Missing input or output delay  
An output delay is missing on out_imag[7] relative to clock(s) CLK
Related violations: <none>

TIMING-18#31 Warning
Missing input or output delay  
An output delay is missing on out_imag[8] relative to clock(s) CLK
Related violations: <none>

TIMING-18#32 Warning
Missing input or output delay  
An output delay is missing on out_imag[9] relative to clock(s) CLK
Related violations: <none>

TIMING-18#33 Warning
Missing input or output delay  
An output delay is missing on out_real[0] relative to clock(s) CLK
Related violations: <none>

TIMING-18#34 Warning
Missing input or output delay  
An output delay is missing on out_real[10] relative to clock(s) CLK
Related violations: <none>

TIMING-18#35 Warning
Missing input or output delay  
An output delay is missing on out_real[11] relative to clock(s) CLK
Related violations: <none>

TIMING-18#36 Warning
Missing input or output delay  
An output delay is missing on out_real[12] relative to clock(s) CLK
Related violations: <none>

TIMING-18#37 Warning
Missing input or output delay  
An output delay is missing on out_real[13] relative to clock(s) CLK
Related violations: <none>

TIMING-18#38 Warning
Missing input or output delay  
An output delay is missing on out_real[14] relative to clock(s) CLK
Related violations: <none>

TIMING-18#39 Warning
Missing input or output delay  
An output delay is missing on out_real[15] relative to clock(s) CLK
Related violations: <none>

TIMING-18#40 Warning
Missing input or output delay  
An output delay is missing on out_real[1] relative to clock(s) CLK
Related violations: <none>

TIMING-18#41 Warning
Missing input or output delay  
An output delay is missing on out_real[2] relative to clock(s) CLK
Related violations: <none>

TIMING-18#42 Warning
Missing input or output delay  
An output delay is missing on out_real[3] relative to clock(s) CLK
Related violations: <none>

TIMING-18#43 Warning
Missing input or output delay  
An output delay is missing on out_real[4] relative to clock(s) CLK
Related violations: <none>

TIMING-18#44 Warning
Missing input or output delay  
An output delay is missing on out_real[5] relative to clock(s) CLK
Related violations: <none>

TIMING-18#45 Warning
Missing input or output delay  
An output delay is missing on out_real[6] relative to clock(s) CLK
Related violations: <none>

TIMING-18#46 Warning
Missing input or output delay  
An output delay is missing on out_real[7] relative to clock(s) CLK
Related violations: <none>

TIMING-18#47 Warning
Missing input or output delay  
An output delay is missing on out_real[8] relative to clock(s) CLK
Related violations: <none>

TIMING-18#48 Warning
Missing input or output delay  
An output delay is missing on out_real[9] relative to clock(s) CLK
Related violations: <none>


