#-----------------------------------------------------------
# Vivado v2021.1 (64-bit)
# SW Build 3247384 on Thu Jun 10 19:36:33 MDT 2021
# IP Build 3246043 on Fri Jun 11 00:30:35 MDT 2021
# Start of session at: Sat Dec 10 03:05:21 2022
# Process ID: 41108
# Current directory: E:/FPGAProject/01102022/FPGAResearch/5_Final_Submission/Vivado_Desgin/SumofTwoNeuron_16bit/twoNeuronSum_16bit/twoNeuronSum_16bit.runs/impl_1
# Command line: vivado.exe -log twoNeuronSum_16bit.vdi -applog -product Vivado -messageDb vivado.pb -mode batch -source twoNeuronSum_16bit.tcl -notrace
# Log file: E:/FPGAProject/01102022/FPGAResearch/5_Final_Submission/Vivado_Desgin/SumofTwoNeuron_16bit/twoNeuronSum_16bit/twoNeuronSum_16bit.runs/impl_1/twoNeuronSum_16bit.vdi
# Journal file: E:/FPGAProject/01102022/FPGAResearch/5_Final_Submission/Vivado_Desgin/SumofTwoNeuron_16bit/twoNeuronSum_16bit/twoNeuronSum_16bit.runs/impl_1\vivado.jou
#-----------------------------------------------------------
source twoNeuronSum_16bit.tcl -notrace
